2026-09-24T01:03:51.3629918Z Current runner version: '2.337.0'
2026-09-24T01:03:51.3648176Z ##[group]Runner Image Provisioner
2026-09-24T01:03:51.3648715Z Hosted Compute Agent
2026-09-24T01:03:51.3649197Z Version: 20260828.587
2026-09-24T01:03:51.3649816Z Commit: abac92662cab4cc7352de4f9f9d2e2419aad9c29
2026-09-24T01:03:51.3650307Z Build Date: 2026-08-28T16:44:25Z
2026-09-24T01:03:51.3650757Z Worker ID: {76430555-2fb1-4010-ac84-93fcf809ebd6}
2026-09-24T01:03:51.3651163Z Azure Region: westus3
2026-09-24T01:03:51.3651568Z ##[endgroup]
2026-09-24T01:03:51.3652410Z ##[group]Operating System
2026-09-24T01:03:51.3652817Z Ubuntu
2026-09-24T01:03:51.3653200Z 24.04.5
2026-09-24T01:03:51.3653547Z LTS
2026-09-24T01:03:51.3653951Z ##[endgroup]
2026-09-24T01:03:51.3654299Z ##[group]Runner Image
2026-09-24T01:03:51.3654681Z Image: ubuntu-24.04
2026-09-24T01:03:51.3655082Z Version: 20260920.314.1
2026-09-24T01:03:51.3655955Z Included Software: https://github.com/actions/runner-images/blob/ubuntu24/20260920.314/images/ubuntu/Ubuntu2404-Readme.md
2026-09-24T01:03:51.3656933Z Image Release: https://github.com/actions/runner-images/releases/tag/ubuntu24%2F20260920.314
2026-09-24T01:03:51.3657546Z ##[endgroup]
2026-09-24T01:03:51.3658251Z ##[group]GITHUB_TOKEN Permissions
2026-09-24T01:03:51.3659682Z Contents: read
2026-09-24T01:03:51.3660052Z Metadata: read
2026-09-24T01:03:51.3660390Z ##[endgroup]
2026-09-24T01:03:51.3661765Z Secret source: Actions
2026-09-24T01:03:51.3662324Z Cache mode: write
2026-09-24T01:03:51.3662823Z Prepare workflow directory
2026-09-24T01:03:51.3903108Z Prepare all required actions
2026-09-24T01:03:51.3934283Z Getting action download info
2026-09-24T01:03:51.6864458Z Download action repository 'actions/checkout@v7' (SHA:3d3c42e5aac5ba805825da76410c181273ba90b1)
2026-09-24T01:03:51.7896643Z Download action repository 'actions/setup-python@v7' (SHA:5fda3b95a4ea91299a34e894583c3862153e4b97)
2026-09-24T01:03:52.1350195Z Download action repository 'actions/setup-node@v7' (SHA:820762786026740c76f36085b0efc47a31fe5020)
2026-09-24T01:03:52.8585296Z Complete job name: installed optional syntax providers (ubuntu-latest)
2026-09-24T01:03:52.9167043Z ##[group]Run actions/checkout@v7
2026-09-24T01:03:52.9167821Z with:
2026-09-24T01:03:52.9168363Z   repository: TFourniax/tooltest
2026-09-24T01:03:52.9173991Z   token: ***
2026-09-24T01:03:52.9174532Z   ssh-strict: true
2026-09-24T01:03:52.9175079Z   ssh-user: git
2026-09-24T01:03:52.9175632Z   persist-credentials: true
2026-09-24T01:03:52.9176229Z   clean: true
2026-09-24T01:03:52.9176782Z   sparse-checkout-cone-mode: true
2026-09-24T01:03:52.9177430Z   fetch-depth: 1
2026-09-24T01:03:52.9177962Z   fetch-tags: false
2026-09-24T01:03:52.9178502Z   show-progress: true
2026-09-24T01:03:52.9179051Z   lfs: false
2026-09-24T01:03:52.9179665Z   submodules: false
2026-09-24T01:03:52.9180228Z   set-safe-directory: true
2026-09-24T01:03:52.9180856Z   allow-unsafe-pr-checkout: false
2026-09-24T01:03:52.9181593Z env:
2026-09-24T01:03:52.9182128Z   DIFFWITNESS_REQUIRE_SYNTAX: 1
2026-09-24T01:03:52.9182734Z ##[endgroup]
2026-09-24T01:03:52.9900609Z Syncing repository: TFourniax/tooltest
2026-09-24T01:03:52.9903108Z ##[group]Getting Git version info
2026-09-24T01:03:52.9904377Z Working directory is '/home/runner/work/tooltest/tooltest'
2026-09-24T01:03:52.9906196Z [command]/usr/bin/git version
2026-09-24T01:03:53.0835684Z git version 2.55.0
2026-09-24T01:03:53.0851892Z ##[endgroup]
2026-09-24T01:03:53.0860537Z Temporarily overriding HOME='/home/runner/work/_temp/eb5caeb2-2897-4272-942f-51651dd24118' before making global git config changes
2026-09-24T01:03:53.0863076Z Adding repository directory to the temporary git global config as a safe directory
2026-09-24T01:03:53.0865218Z [command]/usr/bin/git config --global --add safe.directory /home/runner/work/tooltest/tooltest
2026-09-24T01:03:53.1122816Z Deleting the contents of '/home/runner/work/tooltest/tooltest'
2026-09-24T01:03:53.1126069Z ##[group]Determining repository object format
2026-09-24T01:03:53.1127754Z ##[endgroup]
2026-09-24T01:03:53.1129066Z ##[group]Initializing the repository
2026-09-24T01:03:53.1131547Z [command]/usr/bin/git init /home/runner/work/tooltest/tooltest
2026-09-24T01:03:53.1615895Z hint: Using 'master' as the name for the initial branch. This default branch name
2026-09-24T01:03:53.1617213Z hint: will change to "main" in Git 3.0. To configure the initial branch name
2026-09-24T01:03:53.1619164Z hint: to use in all of your new repositories, which will suppress this warning,
2026-09-24T01:03:53.1620417Z hint: call:
2026-09-24T01:03:53.1621115Z hint:
2026-09-24T01:03:53.1621720Z hint: 	git config --global init.defaultBranch <name>
2026-09-24T01:03:53.1622413Z hint:
2026-09-24T01:03:53.1623069Z hint: Names commonly chosen instead of 'master' are 'main', 'trunk' and
2026-09-24T01:03:53.1624130Z hint: 'development'. The just-created branch can be renamed via this command:
2026-09-24T01:03:53.1624961Z hint:
2026-09-24T01:03:53.1625426Z hint: 	git branch -m <name>
2026-09-24T01:03:53.1625955Z hint:
2026-09-24T01:03:53.1626968Z hint: Disable this message with "git config set advice.defaultBranchName false"
2026-09-24T01:03:53.1628613Z Initialized empty Git repository in /home/runner/work/tooltest/tooltest/.git/
2026-09-24T01:03:53.1631074Z [command]/usr/bin/git remote add origin https://github.com/TFourniax/tooltest
2026-09-24T01:03:53.1920121Z ##[endgroup]
2026-09-24T01:03:53.1921366Z ##[group]Disabling automatic garbage collection
2026-09-24T01:03:53.1922506Z [command]/usr/bin/git config --local gc.auto 0
2026-09-24T01:03:53.2022345Z ##[endgroup]
2026-09-24T01:03:53.2023565Z ##[group]Setting up auth
2026-09-24T01:03:53.2024434Z Removing SSH command configuration
2026-09-24T01:03:53.2028072Z [command]/usr/bin/git config --local --name-only --get-regexp core\.sshCommand
2026-09-24T01:03:53.2058699Z [command]/usr/bin/git submodule foreach --recursive sh -c "git config --local --name-only --get-regexp 'core\.sshCommand' && git config --local --unset-all 'core.sshCommand' || :"
2026-09-24T01:03:53.3735022Z Removing HTTP extra header
2026-09-24T01:03:53.3739789Z [command]/usr/bin/git config --local --name-only --get-regexp http\.https\:\/\/github\.com\/\.extraheader
2026-09-24T01:03:53.3768053Z [command]/usr/bin/git submodule foreach --recursive sh -c "git config --local --name-only --get-regexp 'http\.https\:\/\/github\.com\/\.extraheader' && git config --local --unset-all 'http.https://github.com/.extraheader' || :"
2026-09-24T01:03:53.3937360Z Removing includeIf entries pointing to credentials config files
2026-09-24T01:03:53.3941548Z [command]/usr/bin/git config --local --name-only --get-regexp ^includeIf\.gitdir:
2026-09-24T01:03:53.3968497Z [command]/usr/bin/git submodule foreach --recursive git config --local --show-origin --name-only --get-regexp remote.origin.url
2026-09-24T01:03:53.4181568Z [command]/usr/bin/git config --file /home/runner/work/_temp/git-credentials-3a6abe7c-c00e-4a9c-8501-46745fc4c2d1.config http.https://github.com/.extraheader AUTHORIZATION: basic ***
2026-09-24T01:03:53.4427378Z [command]/usr/bin/git config --local includeIf.gitdir:/home/runner/work/tooltest/tooltest/.git.path /home/runner/work/_temp/git-credentials-3a6abe7c-c00e-4a9c-8501-46745fc4c2d1.config
2026-09-24T01:03:53.4823970Z [command]/usr/bin/git config --local includeIf.gitdir:/home/runner/work/tooltest/tooltest/.git/worktrees/*.path /home/runner/work/_temp/git-credentials-3a6abe7c-c00e-4a9c-8501-46745fc4c2d1.config
2026-09-24T01:03:53.4921888Z [command]/usr/bin/git config --local includeIf.gitdir:/github/workspace/.git.path /github/runner_temp/git-credentials-3a6abe7c-c00e-4a9c-8501-46745fc4c2d1.config
2026-09-24T01:03:53.5024264Z [command]/usr/bin/git config --local includeIf.gitdir:/github/workspace/.git/worktrees/*.path /github/runner_temp/git-credentials-3a6abe7c-c00e-4a9c-8501-46745fc4c2d1.config
2026-09-24T01:03:53.5120061Z ##[endgroup]
2026-09-24T01:03:53.5121329Z ##[group]Fetching the repository
2026-09-24T01:03:53.5139216Z [command]/usr/bin/git -c protocol.version=2 fetch --no-tags --prune --no-recurse-submodules --depth=1 origin +899071ff970e2079ac967ab3ea3d839ad580306b:refs/remotes/pull/128/merge
2026-09-24T01:03:54.8635436Z From https://github.com/TFourniax/tooltest
2026-09-24T01:03:54.8636679Z  * [new ref]         899071ff970e2079ac967ab3ea3d839ad580306b -> pull/128/merge
2026-09-24T01:03:54.8638562Z ##[endgroup]
2026-09-24T01:03:54.8639051Z ##[group]Determining the checkout info
2026-09-24T01:03:54.8643269Z ##[endgroup]
2026-09-24T01:03:54.8643694Z [command]/usr/bin/git sparse-checkout disable
2026-09-24T01:03:54.8932033Z [command]/usr/bin/git config --local --unset-all extensions.worktreeConfig
2026-09-24T01:03:54.9426077Z ##[group]Checking out the ref
2026-09-24T01:03:54.9430297Z [command]/usr/bin/git checkout --progress --force refs/remotes/pull/128/merge
2026-09-24T01:03:54.9841066Z Note: switching to 'refs/remotes/pull/128/merge'.
2026-09-24T01:03:54.9841796Z 
2026-09-24T01:03:54.9842222Z You are in 'detached HEAD' state. You can look around, make experimental
2026-09-24T01:03:54.9843025Z changes and commit them, and you can discard any commits you make in this
2026-09-24T01:03:54.9843626Z state without impacting any branches by switching back to a branch.
2026-09-24T01:03:54.9843902Z 
2026-09-24T01:03:54.9844151Z If you want to create a new branch to retain commits you create, you may
2026-09-24T01:03:54.9844577Z do so (now or later) by using -c with the switch command. Example:
2026-09-24T01:03:54.9844815Z 
2026-09-24T01:03:54.9844935Z   git switch -c <new-branch-name>
2026-09-24T01:03:54.9845103Z 
2026-09-24T01:03:54.9845239Z Or undo this operation with:
2026-09-24T01:03:54.9845435Z 
2026-09-24T01:03:54.9845540Z   git switch -
2026-09-24T01:03:54.9845724Z 
2026-09-24T01:03:54.9845939Z Turn off this advice by setting config variable advice.detachedHead to false
2026-09-24T01:03:54.9846241Z 
2026-09-24T01:03:54.9846595Z HEAD is now at 899071f Merge b21800c707d65488d86a210de582307bdf8f97e5 into c03164e75e805ff1df976e55cdf6d86073e89b04
2026-09-24T01:03:54.9850847Z ##[endgroup]
2026-09-24T01:03:54.9889717Z [command]/usr/bin/git log -1 --format=%H
2026-09-24T01:03:54.9913960Z 899071ff970e2079ac967ab3ea3d839ad580306b
2026-09-24T01:03:55.0112475Z ##[group]Run actions/setup-python@v7
2026-09-24T01:03:55.0112667Z with:
2026-09-24T01:03:55.0112815Z   python-version: 3.12
2026-09-24T01:03:55.0112970Z   check-latest: false
2026-09-24T01:03:55.0114980Z   token: ***
2026-09-24T01:03:55.0115170Z   update-environment: true
2026-09-24T01:03:55.0115400Z   allow-prereleases: false
2026-09-24T01:03:55.0115662Z   freethreaded: false
2026-09-24T01:03:55.0115874Z env:
2026-09-24T01:03:55.0116087Z   DIFFWITNESS_REQUIRE_SYNTAX: 1
2026-09-24T01:03:55.0116324Z ##[endgroup]
2026-09-24T01:03:55.1327892Z ##[group]Installed versions
2026-09-24T01:03:55.2068382Z Successfully set up CPython (3.12.14)
2026-09-24T01:03:55.2068874Z ##[endgroup]
2026-09-24T01:03:55.2206334Z ##[group]Run python -m pip wheel . --no-deps --wheel-dir syntax-wheel
2026-09-24T01:03:55.2206872Z [36;1mpython -m pip wheel . --no-deps --wheel-dir syntax-wheel[0m
2026-09-24T01:03:55.2207694Z [36;1mpython -c "import pathlib,subprocess,sys; wheel=next(pathlib.Path('syntax-wheel').glob('*.whl')); subprocess.check_call([sys.executable,'-m','pip','install',str(wheel)+'[structure]'])"[0m
2026-09-24T01:03:55.2208438Z [36;1mpython -m pip check[0m
2026-09-24T01:03:55.3896411Z shell: /usr/bin/bash -e {0}
2026-09-24T01:03:55.3896633Z env:
2026-09-24T01:03:55.3896793Z   DIFFWITNESS_REQUIRE_SYNTAX: 1
2026-09-24T01:03:55.3897008Z   pythonLocation: /opt/hostedtoolcache/Python/3.12.14/x64
2026-09-24T01:03:55.3897288Z   PKG_CONFIG_PATH: /opt/hostedtoolcache/Python/3.12.14/x64/lib/pkgconfig
2026-09-24T01:03:55.3897549Z   Python_ROOT_DIR: /opt/hostedtoolcache/Python/3.12.14/x64
2026-09-24T01:03:55.3897772Z   Python2_ROOT_DIR: /opt/hostedtoolcache/Python/3.12.14/x64
2026-09-24T01:03:55.3898060Z   Python3_ROOT_DIR: /opt/hostedtoolcache/Python/3.12.14/x64
2026-09-24T01:03:55.3898293Z   LD_LIBRARY_PATH: /opt/hostedtoolcache/Python/3.12.14/x64/lib
2026-09-24T01:03:55.3898487Z ##[endgroup]
2026-09-24T01:03:59.8478924Z Processing ./.
2026-09-24T01:03:59.8492324Z   Installing build dependencies: started
2026-09-24T01:04:01.0658615Z   Installing build dependencies: finished with status 'done'
2026-09-24T01:04:01.0664109Z   Getting requirements to build wheel: started
2026-09-24T01:04:01.4871028Z   Getting requirements to build wheel: finished with status 'done'
2026-09-24T01:04:01.4877759Z   Preparing metadata (pyproject.toml): started
2026-09-24T01:04:01.6131733Z   Preparing metadata (pyproject.toml): finished with status 'done'
2026-09-24T01:04:01.6159071Z Building wheels for collected packages: diffwitness
2026-09-24T01:04:01.6166004Z   Building wheel for diffwitness (pyproject.toml): started
2026-09-24T01:04:01.8012106Z   Building wheel for diffwitness (pyproject.toml): finished with status 'done'
2026-09-24T01:04:01.8020173Z   Created wheel for diffwitness: filename=diffwitness-0.4.0a1-py3-none-any.whl size=384435 sha256=c99d405c5225eaa535d295e60328cc9bebe0253952d31bbf6ce8dffc55992d74
2026-09-24T01:04:01.8021036Z   Stored in directory: /tmp/pip-ephem-wheel-cache-lb_x5_j1/wheels/69/8a/0a/b2feba549f08f62660887f31dec06709ebc8a4e163670d2c0a
2026-09-24T01:04:01.8047238Z Successfully built diffwitness
2026-09-24T01:04:02.5454166Z Processing ./syntax-wheel/diffwitness-0.4.0a1-py3-none-any.whl (from diffwitness==0.4.0a1)
2026-09-24T01:04:02.6428691Z Collecting tree-sitter==0.25.2 (from diffwitness==0.4.0a1->diffwitness==0.4.0a1)
2026-09-24T01:04:02.6949657Z   Downloading tree_sitter-0.25.2-cp312-cp312-manylinux2014_x86_64.manylinux_2_17_x86_64.manylinux_2_28_x86_64.whl.metadata (10.0 kB)
2026-09-24T01:04:02.7130265Z Collecting tree-sitter-javascript==0.25.0 (from diffwitness==0.4.0a1->diffwitness==0.4.0a1)
2026-09-24T01:04:02.7234867Z   Downloading tree_sitter_javascript-0.25.0-cp310-abi3-manylinux1_x86_64.manylinux_2_28_x86_64.manylinux_2_5_x86_64.whl.metadata (2.2 kB)
2026-09-24T01:04:02.7390386Z Collecting tree-sitter-typescript==0.23.2 (from diffwitness==0.4.0a1->diffwitness==0.4.0a1)
2026-09-24T01:04:02.7491164Z   Downloading tree_sitter_typescript-0.23.2-cp39-abi3-manylinux_2_5_x86_64.manylinux1_x86_64.manylinux_2_17_x86_64.manylinux2014_x86_64.whl.metadata (2.3 kB)
2026-09-24T01:04:02.7650875Z Collecting tree-sitter-go==0.25.0 (from diffwitness==0.4.0a1->diffwitness==0.4.0a1)
2026-09-24T01:04:02.7747513Z   Downloading tree_sitter_go-0.25.0-cp310-abi3-manylinux1_x86_64.manylinux_2_28_x86_64.manylinux_2_5_x86_64.whl.metadata (1.7 kB)
2026-09-24T01:04:02.7923797Z Collecting tree-sitter-rust==0.24.2 (from diffwitness==0.4.0a1->diffwitness==0.4.0a1)
2026-09-24T01:04:02.8018575Z   Downloading tree_sitter_rust-0.24.2-cp39-abi3-manylinux1_x86_64.manylinux_2_28_x86_64.manylinux_2_5_x86_64.whl.metadata (2.8 kB)
2026-09-24T01:04:02.8174671Z Collecting tree-sitter-java==0.23.5 (from diffwitness==0.4.0a1->diffwitness==0.4.0a1)
2026-09-24T01:04:02.8268212Z   Downloading tree_sitter_java-0.23.5-cp39-abi3-manylinux_2_5_x86_64.manylinux1_x86_64.manylinux_2_17_x86_64.manylinux2014_x86_64.whl.metadata (1.7 kB)
2026-09-24T01:04:02.8579474Z Collecting tree-sitter-c-sharp==0.23.5 (from diffwitness==0.4.0a1->diffwitness==0.4.0a1)
2026-09-24T01:04:02.8681365Z   Downloading tree_sitter_c_sharp-0.23.5-cp310-abi3-manylinux1_x86_64.manylinux_2_28_x86_64.manylinux_2_5_x86_64.whl.metadata (2.7 kB)
2026-09-24T01:04:02.8832455Z Collecting tree-sitter-kotlin==1.1.0 (from diffwitness==0.4.0a1->diffwitness==0.4.0a1)
2026-09-24T01:04:02.8930585Z   Downloading tree_sitter_kotlin-1.1.0-cp39-abi3-manylinux_2_5_x86_64.manylinux1_x86_64.manylinux_2_17_x86_64.manylinux2014_x86_64.whl.metadata (1.9 kB)
2026-09-24T01:04:03.0146134Z Collecting tree-sitter-ruby==0.23.1 (from diffwitness==0.4.0a1->diffwitness==0.4.0a1)
2026-09-24T01:04:03.0245873Z   Downloading tree_sitter_ruby-0.23.1-cp39-abi3-manylinux_2_17_x86_64.manylinux2014_x86_64.whl.metadata (1.8 kB)
2026-09-24T01:04:03.0427502Z Collecting tree-sitter-php==0.24.1 (from diffwitness==0.4.0a1->diffwitness==0.4.0a1)
2026-09-24T01:04:03.0531999Z   Downloading tree_sitter_php-0.24.1-cp310-abi3-manylinux2014_x86_64.manylinux_2_17_x86_64.manylinux_2_28_x86_64.whl.metadata (1.7 kB)
2026-09-24T01:04:03.0855903Z Collecting tree-sitter-sql==0.3.11 (from diffwitness==0.4.0a1->diffwitness==0.4.0a1)
2026-09-24T01:04:03.0953121Z   Downloading tree_sitter_sql-0.3.11-cp310-abi3-manylinux2014_x86_64.manylinux_2_17_x86_64.manylinux_2_28_x86_64.whl.metadata (4.0 kB)
2026-09-24T01:04:03.1723430Z Collecting tree-sitter-json==0.24.8 (from diffwitness==0.4.0a1->diffwitness==0.4.0a1)
2026-09-24T01:04:03.1823338Z   Downloading tree_sitter_json-0.24.8-cp39-abi3-manylinux_2_5_x86_64.manylinux1_x86_64.manylinux_2_17_x86_64.manylinux2014_x86_64.whl.metadata (1.7 kB)
2026-09-24T01:04:03.2805929Z Collecting tree-sitter-toml==0.7.0 (from diffwitness==0.4.0a1->diffwitness==0.4.0a1)
2026-09-24T01:04:03.2944371Z   Downloading tree_sitter_toml-0.7.0-cp39-abi3-manylinux_2_5_x86_64.manylinux1_x86_64.manylinux_2_17_x86_64.manylinux2014_x86_64.whl.metadata (1.7 kB)
2026-09-24T01:04:03.3098299Z Collecting tree-sitter-yaml==0.7.2 (from diffwitness==0.4.0a1->diffwitness==0.4.0a1)
2026-09-24T01:04:03.3196400Z   Downloading tree_sitter_yaml-0.7.2-cp310-abi3-manylinux1_x86_64.manylinux_2_28_x86_64.manylinux_2_5_x86_64.whl.metadata (1.8 kB)
2026-09-24T01:04:03.3341050Z Downloading tree_sitter-0.25.2-cp312-cp312-manylinux2014_x86_64.manylinux_2_17_x86_64.manylinux_2_28_x86_64.whl (635 kB)
2026-09-24T01:04:03.3803413Z    ━━━━━━━━━━━━━━━━━━━━━━━━━━━━━━━━━━━━━━━━ 635.4/635.4 kB 19.9 MB/s  0:00:00
2026-09-24T01:04:03.3900321Z Downloading tree_sitter_c_sharp-0.23.5-cp310-abi3-manylinux1_x86_64.manylinux_2_28_x86_64.manylinux_2_5_x86_64.whl (358 kB)
2026-09-24T01:04:03.4097524Z Downloading tree_sitter_go-0.25.0-cp310-abi3-manylinux1_x86_64.manylinux_2_28_x86_64.manylinux_2_5_x86_64.whl (66 kB)
2026-09-24T01:04:03.4207248Z Downloading tree_sitter_java-0.23.5-cp39-abi3-manylinux_2_5_x86_64.manylinux1_x86_64.manylinux_2_17_x86_64.manylinux2014_x86_64.whl (84 kB)
2026-09-24T01:04:03.4323745Z Downloading tree_sitter_javascript-0.25.0-cp310-abi3-manylinux1_x86_64.manylinux_2_28_x86_64.manylinux_2_5_x86_64.whl (99 kB)
2026-09-24T01:04:03.4439879Z Downloading tree_sitter_json-0.24.8-cp39-abi3-manylinux_2_5_x86_64.manylinux1_x86_64.manylinux_2_17_x86_64.manylinux2014_x86_64.whl (17 kB)
2026-09-24T01:04:03.4550882Z Downloading tree_sitter_kotlin-1.1.0-cp39-abi3-manylinux_2_5_x86_64.manylinux1_x86_64.manylinux_2_17_x86_64.manylinux2014_x86_64.whl (339 kB)
2026-09-24T01:04:03.4686171Z Downloading tree_sitter_php-0.24.1-cp310-abi3-manylinux2014_x86_64.manylinux_2_17_x86_64.manylinux_2_28_x86_64.whl (313 kB)
2026-09-24T01:04:03.4817125Z Downloading tree_sitter_ruby-0.23.1-cp39-abi3-manylinux_2_17_x86_64.manylinux2014_x86_64.whl (214 kB)
2026-09-24T01:04:03.5119127Z Downloading tree_sitter_rust-0.24.2-cp39-abi3-manylinux1_x86_64.manylinux_2_28_x86_64.manylinux_2_5_x86_64.whl (164 kB)
2026-09-24T01:04:03.5237362Z Downloading tree_sitter_sql-0.3.11-cp310-abi3-manylinux2014_x86_64.manylinux_2_17_x86_64.manylinux_2_28_x86_64.whl (380 kB)
2026-09-24T01:04:03.5370499Z Downloading tree_sitter_toml-0.7.0-cp39-abi3-manylinux_2_5_x86_64.manylinux1_x86_64.manylinux_2_17_x86_64.manylinux2014_x86_64.whl (29 kB)
2026-09-24T01:04:03.5480803Z Downloading tree_sitter_typescript-0.23.2-cp39-abi3-manylinux_2_5_x86_64.manylinux1_x86_64.manylinux_2_17_x86_64.manylinux2014_x86_64.whl (344 kB)
2026-09-24T01:04:03.5619280Z Downloading tree_sitter_yaml-0.7.2-cp310-abi3-manylinux1_x86_64.manylinux_2_28_x86_64.manylinux_2_5_x86_64.whl (91 kB)
2026-09-24T01:04:03.5918121Z Installing collected packages: tree-sitter-yaml, tree-sitter-typescript, tree-sitter-toml, tree-sitter-sql, tree-sitter-rust, tree-sitter-ruby, tree-sitter-php, tree-sitter-kotlin, tree-sitter-json, tree-sitter-javascript, tree-sitter-java, tree-sitter-go, tree-sitter-c-sharp, tree-sitter, diffwitness
2026-09-24T01:04:03.8501482Z 
2026-09-24T01:04:03.8515114Z Successfully installed diffwitness-0.4.0a1 tree-sitter-0.25.2 tree-sitter-c-sharp-0.23.5 tree-sitter-go-0.25.0 tree-sitter-java-0.23.5 tree-sitter-javascript-0.25.0 tree-sitter-json-0.24.8 tree-sitter-kotlin-1.1.0 tree-sitter-php-0.24.1 tree-sitter-ruby-0.23.1 tree-sitter-rust-0.24.2 tree-sitter-sql-0.3.11 tree-sitter-toml-0.7.0 tree-sitter-typescript-0.23.2 tree-sitter-yaml-0.7.2
2026-09-24T01:04:04.0419802Z No broken requirements found.
2026-09-24T01:04:04.0696346Z ##[group]Run python -m unittest discover -s tests -p 'test_structure*.py' -v
2026-09-24T01:04:04.0696659Z [36;1mpython -m unittest discover -s tests -p 'test_structure*.py' -v[0m
2026-09-24T01:04:04.0748224Z shell: /usr/bin/bash -e {0}
2026-09-24T01:04:04.0748372Z env:
2026-09-24T01:04:04.0748493Z   DIFFWITNESS_REQUIRE_SYNTAX: 1
2026-09-24T01:04:04.0748683Z   pythonLocation: /opt/hostedtoolcache/Python/3.12.14/x64
2026-09-24T01:04:04.0748940Z   PKG_CONFIG_PATH: /opt/hostedtoolcache/Python/3.12.14/x64/lib/pkgconfig
2026-09-24T01:04:04.0749174Z   Python_ROOT_DIR: /opt/hostedtoolcache/Python/3.12.14/x64
2026-09-24T01:04:04.0749490Z   Python2_ROOT_DIR: /opt/hostedtoolcache/Python/3.12.14/x64
2026-09-24T01:04:04.0749697Z   Python3_ROOT_DIR: /opt/hostedtoolcache/Python/3.12.14/x64
2026-09-24T01:04:04.0749909Z   LD_LIBRARY_PATH: /opt/hostedtoolcache/Python/3.12.14/x64/lib
2026-09-24T01:04:04.0750083Z ##[endgroup]
2026-09-24T01:04:04.8743454Z test_contract_rejects_path_digest_authority_and_invalid_positions (test_structure_contract.StructureContractTests.test_contract_rejects_path_digest_authority_and_invalid_positions) ... ok
2026-09-24T01:04:04.9307198Z test_invalid_provider_result_cannot_delete_previous_index (test_structure_contract.StructureContractTests.test_invalid_provider_result_cannot_delete_previous_index) ... ok
2026-09-24T01:04:04.9308481Z test_line_positions_accept_python_universal_newlines (test_structure_contract.StructureContractTests.test_line_positions_accept_python_universal_newlines) ... ok
2026-09-24T01:04:04.9683806Z test_missing_extraction_contract_stamp_forces_refresh_at_same_tree (test_structure_contract.StructureContractTests.test_missing_extraction_contract_stamp_forces_refresh_at_same_tree) ... ok
2026-09-24T01:04:04.9685097Z test_parse_failure_has_no_symbol_or_relation_claims (test_structure_contract.StructureContractTests.test_parse_failure_has_no_symbol_or_relation_claims) ... ok
2026-09-24T01:04:04.9687411Z test_python_provider_exposes_source_bound_typed_facts_and_existing_names (test_structure_contract.StructureContractTests.test_python_provider_exposes_source_bound_typed_facts_and_existing_names) ... ok
2026-09-24T01:04:04.9741776Z test_actual_transport_hash_authority_positions_and_no_values (test_structure_data.DataSyntaxTests.test_actual_transport_hash_authority_positions_and_no_values) ... ok
2026-09-24T01:04:04.9766046Z test_decoded_keys_positions_and_invalid_surrogates (test_structure_data.DataSyntaxTests.test_decoded_keys_positions_and_invalid_surrogates) ... ok
2026-09-24T01:04:04.9803793Z test_duplicates_invalid_encodings_and_unsupported_sql_form_fail_closed (test_structure_data.DataSyntaxTests.test_duplicates_invalid_encodings_and_unsupported_sql_form_fail_closed) ... ok
2026-09-24T01:04:05.0104100Z test_immutable_tree_index_keeps_keys_and_ddl_without_dirty_values (test_structure_data.DataSyntaxTests.test_immutable_tree_index_keeps_keys_and_ddl_without_dirty_values) ... ok
2026-09-24T01:04:05.0110406Z test_json_keys_are_unambiguous_and_array_items_distinct (test_structure_data.DataSyntaxTests.test_json_keys_are_unambiguous_and_array_items_distinct) ... ok
2026-09-24T01:04:05.0128281Z test_missing_grammars_remain_recognized_empty (test_structure_data.DataSyntaxTests.test_missing_grammars_remain_recognized_empty) ... ok
2026-09-24T01:04:05.0158155Z test_overflowing_json_values_fail_closed_at_every_nesting_level (test_structure_data.DataSyntaxTests.test_overflowing_json_values_fail_closed_at_every_nesting_level) ... ok
2026-09-24T01:04:05.0169234Z test_sql_only_top_level_ddl_names_not_query_or_literal_decoys (test_structure_data.DataSyntaxTests.test_sql_only_top_level_ddl_names_not_query_or_literal_decoys) ... ok
2026-09-24T01:04:05.0176704Z test_toml_tables_and_nested_array_table_scopes (test_structure_data.DataSyntaxTests.test_toml_tables_and_nested_array_table_scopes) ... ok
2026-09-24T01:04:05.0189148Z test_yaml_document_scopes_without_alias_or_tag_execution (test_structure_data.DataSyntaxTests.test_yaml_document_scopes_without_alias_or_tag_execution) ... ok
2026-09-24T01:04:05.0214409Z test_absolute_and_sequential_namespaces_and_unresolved_receivers (test_structure_dynamic.DynamicSyntaxTests.test_absolute_and_sequential_namespaces_and_unresolved_receivers) ... ok
2026-09-24T01:04:05.0228628Z test_actual_transport_source_and_authority (test_structure_dynamic.DynamicSyntaxTests.test_actual_transport_source_and_authority) ... ok
2026-09-24T01:04:05.0239612Z test_heredoc_decoys_dynamic_paths_and_actual_interpolation_calls (test_structure_dynamic.DynamicSyntaxTests.test_heredoc_decoys_dynamic_paths_and_actual_interpolation_calls) ... ok
2026-09-24T01:04:05.2550636Z test_immutable_git_tree_index_ignores_dirty_sources (test_structure_dynamic.DynamicSyntaxTests.test_immutable_git_tree_index_ignores_dirty_sources) ... ok
2026-09-24T01:04:05.2565539Z test_invalid_utf8_syntax_and_reopened_identity_fail_closed (test_structure_dynamic.DynamicSyntaxTests.test_invalid_utf8_syntax_and_reopened_identity_fail_closed) ... ok
2026-09-24T01:04:05.2574866Z test_missing_grammars_are_recognized_empty (test_structure_dynamic.DynamicSyntaxTests.test_missing_grammars_are_recognized_empty) ... ok
2026-09-24T01:04:05.2835818Z test_php_namespace_calls_do_not_bind_to_an_arbitrary_same_name (test_structure_dynamic.DynamicSyntaxTests.test_php_namespace_calls_do_not_bind_to_an_arbitrary_same_name) ... ok
2026-09-24T01:04:05.2843221Z test_php_namespace_types_signatures_and_grouped_use (test_structure_dynamic.DynamicSyntaxTests.test_php_namespace_types_signatures_and_grouped_use) ... ok
2026-09-24T01:04:05.2849161Z test_php_parenthesized_static_include_paths_keep_edges_without_dynamic_guesses (test_structure_dynamic.DynamicSyntaxTests.test_php_parenthesized_static_include_paths_keep_edges_without_dynamic_guesses) ... ok
2026-09-24T01:04:05.2856132Z test_ruby_lexical_types_methods_and_literal_require (test_structure_dynamic.DynamicSyntaxTests.test_ruby_lexical_types_methods_and_literal_require) ... ok
2026-09-24T01:04:05.2868484Z test_comments_parentheses_templates_and_import_options_have_exact_spans (test_structure_import_calls.ImportCallTests.test_comments_parentheses_templates_and_import_options_have_exact_spans) ... ok
2026-09-24T01:04:05.2876265Z test_decoys_dynamic_and_loader_members_do_not_become_targets (test_structure_import_calls.ImportCallTests.test_decoys_dynamic_and_loader_members_do_not_become_targets) ... ok
2026-09-24T01:04:05.2891121Z test_escaped_direct_eval_is_an_ambiguity_barrier (test_structure_import_calls.ImportCallTests.test_escaped_direct_eval_is_an_ambiguity_barrier) ... ok
2026-09-24T01:04:05.2895882Z test_invalid_source_stays_completely_unparsed (test_structure_import_calls.ImportCallTests.test_invalid_source_stays_completely_unparsed) ... ok
2026-09-24T01:04:05.2907409Z test_nested_literal_keyword_reference_and_transport_authority_are_preserved (test_structure_import_calls.ImportCallTests.test_nested_literal_keyword_reference_and_transport_authority_are_preserved) ... ok
2026-09-24T01:04:05.2979726Z test_shadowing_and_writes_suppress_commonjs_candidates_but_keep_keyword_import (test_structure_import_calls.ImportCallTests.test_shadowing_and_writes_suppress_commonjs_candidates_but_keep_keyword_import) ... ok
2026-09-24T01:04:05.3023539Z test_static_commonjs_and_import_keyword_reuse_each_js_ts_grammar (test_structure_import_calls.ImportCallTests.test_static_commonjs_and_import_keyword_reuse_each_js_ts_grammar) ... ok
2026-09-24T01:04:05.3035013Z test_typescript_function_signatures_are_require_binding_barriers (test_structure_import_calls.ImportCallTests.test_typescript_function_signatures_are_require_binding_barriers) ... ok
2026-09-24T01:04:05.3093800Z test_actual_syntax_import_positions_reuse_every_adapter (test_structure_import_references.ImportReferenceTests.test_actual_syntax_import_positions_reuse_every_adapter) ... ok
2026-09-24T01:04:05.3433700Z test_immutable_index_never_picks_ambiguous_or_outside_relative_modules (test_structure_import_references.ImportReferenceTests.test_immutable_index_never_picks_ambiguous_or_outside_relative_modules) ... ok
2026-09-24T01:04:05.3435129Z test_import_detail_admission_rejects_invalid_positions_and_members (test_structure_import_references.ImportReferenceTests.test_import_detail_admission_rejects_invalid_positions_and_members) ... ok
2026-09-24T01:04:05.3436757Z test_outside_package_relative_imports_never_become_absolute_names (test_structure_import_references.ImportReferenceTests.test_outside_package_relative_imports_never_become_absolute_names) ... ok
2026-09-24T01:04:05.3484360Z test_package_initializer_retains_base_members_and_source_positions (test_structure_import_references.ImportReferenceTests.test_package_initializer_retains_base_members_and_source_positions) ... ok
2026-09-24T01:04:05.3485607Z test_python_aliases_crlf_and_decoys_preserve_only_import_syntax (test_structure_import_references.ImportReferenceTests.test_python_aliases_crlf_and_decoys_preserve_only_import_syntax) ... ok
2026-09-24T01:04:05.3490575Z test_v1_field_shape_is_preserved_and_v2_is_explicit (test_structure_import_references.ImportReferenceTests.test_v1_field_shape_is_preserved_and_v2_is_explicit) ... ok
2026-09-24T01:04:05.3516560Z test_actual_transport_source_binding_and_authority (test_structure_managed.ManagedSyntaxTests.test_actual_transport_source_binding_and_authority) ... ok
2026-09-24T01:04:05.3523931Z test_csharp_file_namespace_nested_members_and_aliases (test_structure_managed.ManagedSyntaxTests.test_csharp_file_namespace_nested_members_and_aliases) ... ok
2026-09-24T01:04:05.3547076Z test_errors_and_ambiguous_overloads_do_not_supply_partial_facts (test_structure_managed.ManagedSyntaxTests.test_errors_and_ambiguous_overloads_do_not_supply_partial_facts) ... ok
2026-09-24T01:04:05.3905943Z test_immutable_tree_index_uses_all_three_shared_providers (test_structure_managed.ManagedSyntaxTests.test_immutable_tree_index_uses_all_three_shared_providers) ... ok
2026-09-24T01:04:05.3913037Z test_java_package_types_nested_members_and_static_imports (test_structure_managed.ManagedSyntaxTests.test_java_package_types_nested_members_and_static_imports) ... ok
2026-09-24T01:04:05.3920539Z test_kotlin_package_named_objects_aliases_and_decoys (test_structure_managed.ManagedSyntaxTests.test_kotlin_package_named_objects_aliases_and_decoys) ... ok
2026-09-24T01:04:05.3941357Z test_kotlin_type_kinds_signatures_and_comment_free_import_paths (test_structure_managed.ManagedSyntaxTests.test_kotlin_type_kinds_signatures_and_comment_free_import_paths) ... ok
2026-09-24T01:04:05.3954541Z test_missing_grammar_remains_recognized_empty (test_structure_managed.ManagedSyntaxTests.test_missing_grammar_remains_recognized_empty) ... ok
2026-09-24T01:04:05.3970966Z test_raw_strings_do_not_create_declarations_but_interpolation_keeps_real_calls (test_structure_managed.ManagedSyntaxTests.test_raw_strings_do_not_create_declarations_but_interpolation_keeps_real_calls) ... ok
2026-09-24T01:04:05.3987673Z test_comments_inside_rust_paths_do_not_become_names_or_dependencies (test_structure_native.NativeSyntaxTests.test_comments_inside_rust_paths_do_not_become_names_or_dependencies) ... ok
2026-09-24T01:04:05.3999829Z test_go_functions_receivers_types_and_grouped_imports (test_structure_native.NativeSyntaxTests.test_go_functions_receivers_types_and_grouped_imports) ... ok
2026-09-24T01:04:05.4306510Z test_index_binds_go_and_rust_facts_to_captured_tree (test_structure_native.NativeSyntaxTests.test_index_binds_go_and_rust_facts_to_captured_tree) ... ok
2026-09-24T01:04:05.4332664Z test_malformed_syntax_encoding_and_transport_source_binding (test_structure_native.NativeSyntaxTests.test_malformed_syntax_encoding_and_transport_source_binding) ... ok
2026-09-24T01:04:05.4344536Z test_missing_grammars_preserve_recognized_empty_unparsed_coverage (test_structure_native.NativeSyntaxTests.test_missing_grammars_preserve_recognized_empty_unparsed_coverage) ... ok
2026-09-24T01:04:05.4345702Z test_new_suffixes_cannot_forge_javascript_local_import_resolution (test_structure_native.NativeSyntaxTests.test_new_suffixes_cannot_forge_javascript_local_import_resolution) ... ok
2026-09-24T01:04:05.4369978Z test_parenthesized_named_receivers_preserve_methods_without_guessing_tuple_types (test_structure_native.NativeSyntaxTests.test_parenthesized_named_receivers_preserve_methods_without_guessing_tuple_types) ... ok
2026-09-24T01:04:05.4375404Z test_qualified_rust_impl_and_trait_names_preserve_owner_scope (test_structure_native.NativeSyntaxTests.test_qualified_rust_impl_and_trait_names_preserve_owner_scope) ... ok
2026-09-24T01:04:05.4383071Z test_rust_scopes_import_groups_and_macro_decoys (test_structure_native.NativeSyntaxTests.test_rust_scopes_import_groups_and_macro_decoys) ... ok
2026-09-24T01:04:05.5201187Z test_bounded_coverage_and_parse_failures_are_visible_in_context (test_structure_snapshot.StructureSnapshotTests.test_bounded_coverage_and_parse_failures_are_visible_in_context) ... ok
2026-09-24T01:04:05.5534690Z test_corrupt_blob_response_cannot_replace_existing_index (test_structure_snapshot.StructureSnapshotTests.test_corrupt_blob_response_cannot_replace_existing_index) ... ok
2026-09-24T01:04:05.6007613Z test_dirty_untracked_and_deleted_working_files_cannot_change_head_bound_facts (test_structure_snapshot.StructureSnapshotTests.test_dirty_untracked_and_deleted_working_files_cannot_change_head_bound_facts) ... ok
2026-09-24T01:04:05.6329883Z test_git_symlink_mode_is_excluded_even_if_worktree_is_a_regular_python_file (test_structure_snapshot.StructureSnapshotTests.test_git_symlink_mode_is_excluded_even_if_worktree_is_a_regular_python_file) ... ok
2026-09-24T01:04:05.6994530Z test_head_advance_during_refresh_keeps_one_tree_and_next_refresh_updates (test_structure_snapshot.StructureSnapshotTests.test_head_advance_during_refresh_keeps_one_tree_and_next_refresh_updates) ... ok
2026-09-24T01:04:05.7435877Z test_old_tree_stamp_cannot_preserve_mutable_file_projection (test_structure_snapshot.StructureSnapshotTests.test_old_tree_stamp_cannot_preserve_mutable_file_projection) ... ok
2026-09-24T01:04:05.7582864Z test_total_byte_budget_omits_whole_blobs_and_reports_partial_coverage (test_structure_snapshot.StructureSnapshotTests.test_total_byte_budget_omits_whole_blobs_and_reports_partial_coverage) ... ok
2026-09-24T01:04:05.7591841Z test_ambient_typescript_declarations_are_observed_syntax (test_structure_syntax.StructureSyntaxTests.test_ambient_typescript_declarations_are_observed_syntax) ... ok
2026-09-24T01:04:05.7592867Z test_dotted_basename_import_resolves_only_one_supported_source (test_structure_syntax.StructureSyntaxTests.test_dotted_basename_import_resolves_only_one_supported_source) ... ok
2026-09-24T01:04:05.8479069Z test_index_uses_immutable_tree_and_refreshes_provider_profile (test_structure_syntax.StructureSyntaxTests.test_index_uses_immutable_tree_and_refreshes_provider_profile) ... ok
2026-09-24T01:04:05.8488783Z test_javascript_uses_syntax_not_strings_comments_or_template_text (test_structure_syntax.StructureSyntaxTests.test_javascript_uses_syntax_not_strings_comments_or_template_text) ... ok
2026-09-24T01:04:05.8690709Z test_malformed_encoding_syntax_and_bounds_fail_empty (test_structure_syntax.StructureSyntaxTests.test_malformed_encoding_syntax_and_bounds_fail_empty) ... ok
2026-09-24T01:04:05.8696153Z test_missing_optional_package_is_unparsed_not_heuristic_facts (test_structure_syntax.StructureSyntaxTests.test_missing_optional_package_is_unparsed_not_heuristic_facts) ... ok
2026-09-24T01:04:05.8697945Z test_python_and_unknown_fallback_keep_existing_contract (test_structure_syntax.StructureSyntaxTests.test_python_and_unknown_fallback_keep_existing_contract) ... ok
2026-09-24T01:04:05.8706660Z test_syntax_authority_admission_and_ambiguous_import_resolution (test_structure_syntax.StructureSyntaxTests.test_syntax_authority_admission_and_ambiguous_import_resolution) ... ok
2026-09-24T01:04:05.8725038Z test_typescript_declarations_and_jsx_tsx_have_real_syntax_coverage (test_structure_syntax.StructureSyntaxTests.test_typescript_declarations_and_jsx_tsx_have_real_syntax_coverage) ... ok
2026-09-24T01:04:06.1042432Z test_extraction_stays_independent_of_journal_proof_and_debt_services (test_structure_transport.StructureTransportTests.test_extraction_stays_independent_of_journal_proof_and_debt_services) ... ok
2026-09-24T01:04:06.7276082Z test_malformed_json_path_base64_schema_and_duplicate_paths_fail_atomically (test_structure_transport.StructureTransportTests.test_malformed_json_path_base64_schema_and_duplicate_paths_fail_atomically) ... ok
2026-09-24T01:04:06.9168615Z test_nonpython_extraction_loads_only_selected_provider_implementation (test_structure_transport.StructureTransportTests.test_nonpython_extraction_loads_only_selected_provider_implementation) ... ok
2026-09-24T01:04:06.9189661Z test_public_entry_never_discovers_repository_or_reads_language_preferences (test_structure_transport.StructureTransportTests.test_public_entry_never_discovers_repository_or_reads_language_preferences) ... ok
2026-09-24T01:04:06.9950422Z test_python_only_extraction_does_not_initialize_optional_distribution_metadata (test_structure_transport.StructureTransportTests.test_python_only_extraction_does_not_initialize_optional_distribution_metadata) ... ok
2026-09-24T01:04:07.0805033Z test_real_cli_outside_git_preserves_python_provider_and_french_json (test_structure_transport.StructureTransportTests.test_real_cli_outside_git_preserves_python_provider_and_french_json) ... ok
2026-09-24T01:04:07.0806744Z test_results_are_detached_and_empty_batch_is_valid (test_structure_transport.StructureTransportTests.test_results_are_detached_and_empty_batch_is_valid) ... ok
2026-09-24T01:04:07.1961628Z test_selected_extraction_parser_preserves_argument_rejections_and_help (test_structure_transport.StructureTransportTests.test_selected_extraction_parser_preserves_argument_rejections_and_help) ... ok
2026-09-24T01:04:07.2216813Z test_transport_limits_and_binary_or_invalid_python_have_explicit_coverage (test_structure_transport.StructureTransportTests.test_transport_limits_and_binary_or_invalid_python_have_explicit_coverage) ... ok
2026-09-24T01:04:07.2218597Z test_wire_bounds_reject_before_emitting_any_partial_response (test_structure_transport.StructureTransportTests.test_wire_bounds_reject_before_emitting_any_partial_response) ... ok
2026-09-24T01:04:07.2219186Z 
2026-09-24T01:04:07.2219456Z ----------------------------------------------------------------------
2026-09-24T01:04:07.2219772Z Ran 85 tests in 2.348s
2026-09-24T01:04:07.2219886Z 
2026-09-24T01:04:07.2221254Z OK
2026-09-24T01:04:07.2448455Z ##[group]Run python scripts/structure_syntax_acceptance.py
2026-09-24T01:04:07.2448717Z [36;1mpython scripts/structure_syntax_acceptance.py[0m
2026-09-24T01:04:07.2498548Z shell: /usr/bin/bash -e {0}
2026-09-24T01:04:07.2498684Z env:
2026-09-24T01:04:07.2498798Z   DIFFWITNESS_REQUIRE_SYNTAX: 1
2026-09-24T01:04:07.2498979Z   pythonLocation: /opt/hostedtoolcache/Python/3.12.14/x64
2026-09-24T01:04:07.2499207Z   PKG_CONFIG_PATH: /opt/hostedtoolcache/Python/3.12.14/x64/lib/pkgconfig
2026-09-24T01:04:07.2499534Z   Python_ROOT_DIR: /opt/hostedtoolcache/Python/3.12.14/x64
2026-09-24T01:04:07.2499736Z   Python2_ROOT_DIR: /opt/hostedtoolcache/Python/3.12.14/x64
2026-09-24T01:04:07.2499953Z   Python3_ROOT_DIR: /opt/hostedtoolcache/Python/3.12.14/x64
2026-09-24T01:04:07.2500173Z   LD_LIBRARY_PATH: /opt/hostedtoolcache/Python/3.12.14/x64/lib
2026-09-24T01:04:07.2500342Z ##[endgroup]
2026-09-24T01:04:07.6863298Z INSTALLED SYNTAX ACCEPTANCE PASS: actual pinned code/SQL/config providers, source hashes, FR/EN, unparsed and unsupported coverage; MACHINE
2026-09-24T01:04:07.6980232Z ##[group]Run actions/checkout@v7
2026-09-24T01:04:07.6980402Z with:
2026-09-24T01:04:07.6980520Z   repository: TFourniax/tooltest-2
2026-09-24T01:04:07.6980676Z   ref: 2b919f7dddeaf3488091017a46f079d8c9718056
2026-09-24T01:04:07.6980844Z   path: idleproof-extraction-consumer
2026-09-24T01:04:07.6980996Z   persist-credentials: false
2026-09-24T01:04:07.6982385Z   token: ***
2026-09-24T01:04:07.6982490Z   ssh-strict: true
2026-09-24T01:04:07.6982732Z   ssh-user: git
2026-09-24T01:04:07.6982835Z   clean: true
2026-09-24T01:04:07.6982950Z   sparse-checkout-cone-mode: true
2026-09-24T01:04:07.6983085Z   fetch-depth: 1
2026-09-24T01:04:07.6983193Z   fetch-tags: false
2026-09-24T01:04:07.6983304Z   show-progress: true
2026-09-24T01:04:07.6983416Z   lfs: false
2026-09-24T01:04:07.6983517Z   submodules: false
2026-09-24T01:04:07.6983631Z   set-safe-directory: true
2026-09-24T01:04:07.6983762Z   allow-unsafe-pr-checkout: false
2026-09-24T01:04:07.6983891Z env:
2026-09-24T01:04:07.6984016Z   DIFFWITNESS_REQUIRE_SYNTAX: 1
2026-09-24T01:04:07.6984180Z   pythonLocation: /opt/hostedtoolcache/Python/3.12.14/x64
2026-09-24T01:04:07.6984405Z   PKG_CONFIG_PATH: /opt/hostedtoolcache/Python/3.12.14/x64/lib/pkgconfig
2026-09-24T01:04:07.6984624Z   Python_ROOT_DIR: /opt/hostedtoolcache/Python/3.12.14/x64
2026-09-24T01:04:07.6984819Z   Python2_ROOT_DIR: /opt/hostedtoolcache/Python/3.12.14/x64
2026-09-24T01:04:07.6985016Z   Python3_ROOT_DIR: /opt/hostedtoolcache/Python/3.12.14/x64
2026-09-24T01:04:07.6985222Z   LD_LIBRARY_PATH: /opt/hostedtoolcache/Python/3.12.14/x64/lib
2026-09-24T01:04:07.6985390Z ##[endgroup]
2026-09-24T01:04:07.7559861Z Syncing repository: TFourniax/tooltest-2
2026-09-24T01:04:07.7571647Z ##[group]Getting Git version info
2026-09-24T01:04:07.7572090Z Working directory is '/home/runner/work/tooltest/tooltest/idleproof-extraction-consumer'
2026-09-24T01:04:07.7595137Z [command]/usr/bin/git version
2026-09-24T01:04:07.7628724Z git version 2.55.0
2026-09-24T01:04:07.7641466Z ##[endgroup]
2026-09-24T01:04:07.7648237Z Temporarily overriding HOME='/home/runner/work/_temp/ad7e6908-a96a-4d03-b9c6-e3c185fa367b' before making global git config changes
2026-09-24T01:04:07.7648849Z Adding repository directory to the temporary git global config as a safe directory
2026-09-24T01:04:07.7652305Z [command]/usr/bin/git config --global --add safe.directory /home/runner/work/tooltest/tooltest/idleproof-extraction-consumer
2026-09-24T01:04:07.7684893Z ##[group]Determining repository object format
2026-09-24T01:04:07.7690543Z ##[endgroup]
2026-09-24T01:04:07.7690840Z ##[group]Initializing the repository
2026-09-24T01:04:07.7691230Z [command]/usr/bin/git init /home/runner/work/tooltest/tooltest/idleproof-extraction-consumer
2026-09-24T01:04:07.7722356Z hint: Using 'master' as the name for the initial branch. This default branch name
2026-09-24T01:04:07.7722890Z hint: will change to "main" in Git 3.0. To configure the initial branch name
2026-09-24T01:04:07.7723807Z hint: to use in all of your new repositories, which will suppress this warning,
2026-09-24T01:04:07.7724140Z hint: call:
2026-09-24T01:04:07.7724345Z hint:
2026-09-24T01:04:07.7724653Z hint: 	git config --global init.defaultBranch <name>
2026-09-24T01:04:07.7725020Z hint:
2026-09-24T01:04:07.7725368Z hint: Names commonly chosen instead of 'master' are 'main', 'trunk' and
2026-09-24T01:04:07.7725891Z hint: 'development'. The just-created branch can be renamed via this command:
2026-09-24T01:04:07.7726327Z hint:
2026-09-24T01:04:07.7726616Z hint: 	git branch -m <name>
2026-09-24T01:04:07.7726910Z hint:
2026-09-24T01:04:07.7727275Z hint: Disable this message with "git config set advice.defaultBranchName false"
2026-09-24T01:04:07.7727924Z Initialized empty Git repository in /home/runner/work/tooltest/tooltest/idleproof-extraction-consumer/.git/
2026-09-24T01:04:07.7731753Z [command]/usr/bin/git remote add origin https://github.com/TFourniax/tooltest-2
2026-09-24T01:04:07.7760693Z ##[endgroup]
2026-09-24T01:04:07.7761423Z ##[group]Disabling automatic garbage collection
2026-09-24T01:04:07.7763671Z [command]/usr/bin/git config --local gc.auto 0
2026-09-24T01:04:07.7788613Z ##[endgroup]
2026-09-24T01:04:07.7788924Z ##[group]Setting up auth
2026-09-24T01:04:07.7789153Z Removing SSH command configuration
2026-09-24T01:04:07.7793664Z [command]/usr/bin/git config --local --name-only --get-regexp core\.sshCommand
2026-09-24T01:04:07.7818999Z [command]/usr/bin/git submodule foreach --recursive sh -c "git config --local --name-only --get-regexp 'core\.sshCommand' && git config --local --unset-all 'core.sshCommand' || :"
2026-09-24T01:04:07.8026984Z Removing HTTP extra header
2026-09-24T01:04:07.8033521Z [command]/usr/bin/git config --local --name-only --get-regexp http\.https\:\/\/github\.com\/\.extraheader
2026-09-24T01:04:07.8067491Z [command]/usr/bin/git submodule foreach --recursive sh -c "git config --local --name-only --get-regexp 'http\.https\:\/\/github\.com\/\.extraheader' && git config --local --unset-all 'http.https://github.com/.extraheader' || :"
2026-09-24T01:04:07.8259297Z Removing includeIf entries pointing to credentials config files
2026-09-24T01:04:07.8264229Z [command]/usr/bin/git config --local --name-only --get-regexp ^includeIf\.gitdir:
2026-09-24T01:04:07.8293875Z [command]/usr/bin/git submodule foreach --recursive git config --local --show-origin --name-only --get-regexp remote.origin.url
2026-09-24T01:04:07.8472057Z [command]/usr/bin/git config --file /home/runner/work/_temp/git-credentials-55ed06f1-9791-4c2d-bd39-325c608dac33.config http.https://github.com/.extraheader AUTHORIZATION: basic ***
2026-09-24T01:04:07.8504647Z [command]/usr/bin/git config --local includeIf.gitdir:/home/runner/work/tooltest/tooltest/idleproof-extraction-consumer/.git.path /home/runner/work/_temp/git-credentials-55ed06f1-9791-4c2d-bd39-325c608dac33.config
2026-09-24T01:04:07.8532823Z [command]/usr/bin/git config --local includeIf.gitdir:/home/runner/work/tooltest/tooltest/idleproof-extraction-consumer/.git/worktrees/*.path /home/runner/work/_temp/git-credentials-55ed06f1-9791-4c2d-bd39-325c608dac33.config
2026-09-24T01:04:07.8561556Z [command]/usr/bin/git config --local includeIf.gitdir:/github/workspace/idleproof-extraction-consumer/.git.path /github/runner_temp/git-credentials-55ed06f1-9791-4c2d-bd39-325c608dac33.config
2026-09-24T01:04:07.8590850Z [command]/usr/bin/git config --local includeIf.gitdir:/github/workspace/idleproof-extraction-consumer/.git/worktrees/*.path /github/runner_temp/git-credentials-55ed06f1-9791-4c2d-bd39-325c608dac33.config
2026-09-24T01:04:07.8617062Z ##[endgroup]
2026-09-24T01:04:07.8617562Z ##[group]Fetching the repository
2026-09-24T01:04:07.8621949Z [command]/usr/bin/git -c protocol.version=2 fetch --no-tags --prune --no-recurse-submodules --depth=1 origin 2b919f7dddeaf3488091017a46f079d8c9718056
2026-09-24T01:04:08.7354848Z From https://github.com/TFourniax/tooltest-2
2026-09-24T01:04:08.7355181Z  * branch            2b919f7dddeaf3488091017a46f079d8c9718056 -> FETCH_HEAD
2026-09-24T01:04:08.7363300Z [command]/usr/bin/git rev-parse --verify --quiet 2b919f7dddeaf3488091017a46f079d8c9718056^{object}
2026-09-24T01:04:08.7389876Z 2b919f7dddeaf3488091017a46f079d8c9718056
2026-09-24T01:04:08.7393961Z ##[endgroup]
2026-09-24T01:04:08.7394243Z ##[group]Determining the checkout info
2026-09-24T01:04:08.7394634Z ##[endgroup]
2026-09-24T01:04:08.7398043Z [command]/usr/bin/git sparse-checkout disable
2026-09-24T01:04:08.7437150Z [command]/usr/bin/git config --local --unset-all extensions.worktreeConfig
2026-09-24T01:04:08.7465166Z ##[group]Checking out the ref
2026-09-24T01:04:08.7468261Z [command]/usr/bin/git checkout --progress --force 2b919f7dddeaf3488091017a46f079d8c9718056
2026-09-24T01:04:08.7623451Z Note: switching to '2b919f7dddeaf3488091017a46f079d8c9718056'.
2026-09-24T01:04:08.7623723Z 
2026-09-24T01:04:08.7623913Z You are in 'detached HEAD' state. You can look around, make experimental
2026-09-24T01:04:08.7624343Z changes and commit them, and you can discard any commits you make in this
2026-09-24T01:04:08.7624995Z state without impacting any branches by switching back to a branch.
2026-09-24T01:04:08.7625230Z 
2026-09-24T01:04:08.7625383Z If you want to create a new branch to retain commits you create, you may
2026-09-24T01:04:08.7625775Z do so (now or later) by using -c with the switch command. Example:
2026-09-24T01:04:08.7626005Z 
2026-09-24T01:04:08.7626103Z   git switch -c <new-branch-name>
2026-09-24T01:04:08.7626253Z 
2026-09-24T01:04:08.7626345Z Or undo this operation with:
2026-09-24T01:04:08.7626485Z 
2026-09-24T01:04:08.7626705Z   git switch -
2026-09-24T01:04:08.7626804Z 
2026-09-24T01:04:08.7626987Z Turn off this advice by setting config variable advice.detachedHead to false
2026-09-24T01:04:08.7627283Z 
2026-09-24T01:04:08.7627533Z HEAD is now at 2b919f7 feat(idleproof): retain complete continuity citations in bounded agent context (#15)
2026-09-24T01:04:08.7629975Z ##[endgroup]
2026-09-24T01:04:08.7667582Z [command]/usr/bin/git log -1 --format=%H
2026-09-24T01:04:08.7691907Z 2b919f7dddeaf3488091017a46f079d8c9718056
2026-09-24T01:04:08.7699783Z ##[group]Removing auth
2026-09-24T01:04:08.7700043Z Removing SSH command configuration
2026-09-24T01:04:08.7702360Z [command]/usr/bin/git config --local --name-only --get-regexp core\.sshCommand
2026-09-24T01:04:08.7730571Z [command]/usr/bin/git submodule foreach --recursive sh -c "git config --local --name-only --get-regexp 'core\.sshCommand' && git config --local --unset-all 'core.sshCommand' || :"
2026-09-24T01:04:08.7914202Z Removing HTTP extra header
2026-09-24T01:04:08.7918633Z [command]/usr/bin/git config --local --name-only --get-regexp http\.https\:\/\/github\.com\/\.extraheader
2026-09-24T01:04:08.7954831Z [command]/usr/bin/git submodule foreach --recursive sh -c "git config --local --name-only --get-regexp 'http\.https\:\/\/github\.com\/\.extraheader' && git config --local --unset-all 'http.https://github.com/.extraheader' || :"
2026-09-24T01:04:08.8138562Z Removing includeIf entries pointing to credentials config files
2026-09-24T01:04:08.8141602Z [command]/usr/bin/git config --local --name-only --get-regexp ^includeIf\.gitdir:
2026-09-24T01:04:08.8165898Z includeif.gitdir:/home/runner/work/tooltest/tooltest/idleproof-extraction-consumer/.git.path
2026-09-24T01:04:08.8167093Z includeif.gitdir:/home/runner/work/tooltest/tooltest/idleproof-extraction-consumer/.git/worktrees/*.path
2026-09-24T01:04:08.8167486Z includeif.gitdir:/github/workspace/idleproof-extraction-consumer/.git.path
2026-09-24T01:04:08.8167818Z includeif.gitdir:/github/workspace/idleproof-extraction-consumer/.git/worktrees/*.path
2026-09-24T01:04:08.8173028Z [command]/usr/bin/git config --local --get-all includeif.gitdir:/home/runner/work/tooltest/tooltest/idleproof-extraction-consumer/.git.path
2026-09-24T01:04:08.8195805Z /home/runner/work/_temp/git-credentials-55ed06f1-9791-4c2d-bd39-325c608dac33.config
2026-09-24T01:04:08.8202749Z [command]/usr/bin/git config --local --unset includeif.gitdir:/home/runner/work/tooltest/tooltest/idleproof-extraction-consumer/.git.path \/home\/runner\/work\/_temp\/git\-credentials\-55ed06f1\-9791\-4c2d\-bd39\-325c608dac33\.config
2026-09-24T01:04:08.8233469Z [command]/usr/bin/git config --local --get-all includeif.gitdir:/home/runner/work/tooltest/tooltest/idleproof-extraction-consumer/.git/worktrees/*.path
2026-09-24T01:04:08.8258358Z /home/runner/work/_temp/git-credentials-55ed06f1-9791-4c2d-bd39-325c608dac33.config
2026-09-24T01:04:08.8263763Z [command]/usr/bin/git config --local --unset includeif.gitdir:/home/runner/work/tooltest/tooltest/idleproof-extraction-consumer/.git/worktrees/*.path \/home\/runner\/work\/_temp\/git\-credentials\-55ed06f1\-9791\-4c2d\-bd39\-325c608dac33\.config
2026-09-24T01:04:08.8293792Z [command]/usr/bin/git config --local --get-all includeif.gitdir:/github/workspace/idleproof-extraction-consumer/.git.path
2026-09-24T01:04:08.8315119Z /github/runner_temp/git-credentials-55ed06f1-9791-4c2d-bd39-325c608dac33.config
2026-09-24T01:04:08.8321331Z [command]/usr/bin/git config --local --unset includeif.gitdir:/github/workspace/idleproof-extraction-consumer/.git.path \/github\/runner_temp\/git\-credentials\-55ed06f1\-9791\-4c2d\-bd39\-325c608dac33\.config
2026-09-24T01:04:08.8385060Z [command]/usr/bin/git config --local --get-all includeif.gitdir:/github/workspace/idleproof-extraction-consumer/.git/worktrees/*.path
2026-09-24T01:04:08.8420031Z /github/runner_temp/git-credentials-55ed06f1-9791-4c2d-bd39-325c608dac33.config
2026-09-24T01:04:08.8424329Z [command]/usr/bin/git config --local --unset includeif.gitdir:/github/workspace/idleproof-extraction-consumer/.git/worktrees/*.path \/github\/runner_temp\/git\-credentials\-55ed06f1\-9791\-4c2d\-bd39\-325c608dac33\.config
2026-09-24T01:04:08.8454426Z [command]/usr/bin/git submodule foreach --recursive git config --local --show-origin --name-only --get-regexp remote.origin.url
2026-09-24T01:04:08.8632086Z Removing credentials config '/home/runner/work/_temp/git-credentials-55ed06f1-9791-4c2d-bd39-325c608dac33.config'
2026-09-24T01:04:08.8641110Z ##[endgroup]
2026-09-24T01:04:08.8751669Z ##[group]Run actions/setup-node@v7
2026-09-24T01:04:08.8751824Z with:
2026-09-24T01:04:08.8751937Z   node-version: 22
2026-09-24T01:04:08.8752068Z   package-manager-cache: false
2026-09-24T01:04:08.8752210Z   check-latest: false
2026-09-24T01:04:08.8753630Z   token: ***
2026-09-24T01:04:08.8753738Z env:
2026-09-24T01:04:08.8753851Z   DIFFWITNESS_REQUIRE_SYNTAX: 1
2026-09-24T01:04:08.8754042Z   pythonLocation: /opt/hostedtoolcache/Python/3.12.14/x64
2026-09-24T01:04:08.8754276Z   PKG_CONFIG_PATH: /opt/hostedtoolcache/Python/3.12.14/x64/lib/pkgconfig
2026-09-24T01:04:08.8754522Z   Python_ROOT_DIR: /opt/hostedtoolcache/Python/3.12.14/x64
2026-09-24T01:04:08.8754730Z   Python2_ROOT_DIR: /opt/hostedtoolcache/Python/3.12.14/x64
2026-09-24T01:04:08.8755008Z   Python3_ROOT_DIR: /opt/hostedtoolcache/Python/3.12.14/x64
2026-09-24T01:04:08.8755244Z   LD_LIBRARY_PATH: /opt/hostedtoolcache/Python/3.12.14/x64/lib
2026-09-24T01:04:08.8755424Z ##[endgroup]
2026-09-24T01:04:08.9898304Z Found in cache @ /opt/hostedtoolcache/node/22.23.2/x64
2026-09-24T01:04:08.9901146Z ##[group]Environment details
2026-09-24T01:04:14.8060231Z node: v22.23.2
2026-09-24T01:04:14.8060420Z npm: 10.9.8
2026-09-24T01:04:14.8060521Z yarn: 1.22.22
2026-09-24T01:04:14.8060836Z ##[endgroup]
2026-09-24T01:04:14.8174425Z ##[group]Run node scripts/feature-canonical-smoke.mjs
2026-09-24T01:04:14.8174648Z [36;1mnode scripts/feature-canonical-smoke.mjs[0m
2026-09-24T01:04:14.8174834Z [36;1mnode scripts/perf-gate.mjs --python-core[0m
2026-09-24T01:04:14.8175005Z [36;1mnode scripts/perf-gate.mjs --syntax-core[0m
2026-09-24T01:04:14.8175182Z [36;1mnode scripts/perf-gate.mjs --data-core[0m
2026-09-24T01:04:14.8228724Z shell: /usr/bin/bash -e {0}
2026-09-24T01:04:14.8228859Z env:
2026-09-24T01:04:14.8228969Z   DIFFWITNESS_REQUIRE_SYNTAX: 1
2026-09-24T01:04:14.8229136Z   pythonLocation: /opt/hostedtoolcache/Python/3.12.14/x64
2026-09-24T01:04:14.8229480Z   PKG_CONFIG_PATH: /opt/hostedtoolcache/Python/3.12.14/x64/lib/pkgconfig
2026-09-24T01:04:14.8229715Z   Python_ROOT_DIR: /opt/hostedtoolcache/Python/3.12.14/x64
2026-09-24T01:04:14.8229914Z   Python2_ROOT_DIR: /opt/hostedtoolcache/Python/3.12.14/x64
2026-09-24T01:04:14.8230111Z   Python3_ROOT_DIR: /opt/hostedtoolcache/Python/3.12.14/x64
2026-09-24T01:04:14.8230332Z   LD_LIBRARY_PATH: /opt/hostedtoolcache/Python/3.12.14/x64/lib
2026-09-24T01:04:14.8230500Z ##[endgroup]
2026-09-24T01:04:16.3736147Z {"schema":"idleproof-feature-canonical-smoke-1","passed":true,"actual_optional_grammars":true,"classification":"MACHINE"}
2026-09-24T01:04:18.3601305Z {"schema":"idleproof-hook-latency-samples-1","provider":"python-ast","node":"v22.23.2","platform":"linux","arch":"x64","cpus":4,"p95Ms":42.38100499999996,"maxMs":43.657917,"budgets":{"p95Ms":150,"maxMs":500},"samples":[{"event":"PreToolUse","ms":4.4256570000000295},{"event":"PostToolUse","ms":42.93754800000005},{"event":"PreToolUse","ms":1.9116630000000328},{"event":"PostToolUse","ms":40.03586200000001},{"event":"PreToolUse","ms":1.7213279999999713},{"event":"PostToolUse","ms":39.712489000000005},{"event":"PreToolUse","ms":1.6590950000000362},{"event":"PostToolUse","ms":40.22721899999999},{"event":"PreToolUse","ms":1.635479000000032},{"event":"PostToolUse","ms":39.954722000000004},{"event":"PreToolUse","ms":1.9879570000000513},{"event":"PostToolUse","ms":39.14793300000002},{"event":"PreToolUse","ms":1.4746279999999956},{"event":"PostToolUse","ms":39.802512999999976},{"event":"PreToolUse","ms":1.6052539999999453},{"event":"PostToolUse","ms":40.31501100000003},{"event":"PreToolUse","ms":1.8731149999999843},{"event":"PostToolUse","ms":40.275702000000024},{"event":"PreToolUse","ms":1.5630909999999858},{"event":"PostToolUse","ms":39.19442300000003},{"event":"PreToolUse","ms":8.339437999999973},{"event":"PostToolUse","ms":40.59097399999996},{"event":"PreToolUse","ms":1.7969510000000355},{"event":"PostToolUse","ms":39.66959500000007},{"event":"PreToolUse","ms":1.4844719999999825},{"event":"PostToolUse","ms":39.18930499999999},{"event":"PreToolUse","ms":1.5461050000000114},{"event":"PostToolUse","ms":38.949967000000015},{"event":"PreToolUse","ms":1.6646729999999934},{"event":"PostToolUse","ms":39.67087599999991},{"event":"PreToolUse","ms":1.5629800000000387},{"event":"PostToolUse","ms":42.90458899999999},{"event":"PreToolUse","ms":1.564581999999973},{"event":"PostToolUse","ms":42.61921099999995},{"event":"PreToolUse","ms":1.6062560000000303},{"event":"PostToolUse","ms":41.77677999999992},{"event":"PreToolUse","ms":1.5471670000000586},{"event":"PostToolUse","ms":42.017610000000104},{"event":"PreToolUse","ms":1.8200349999999617},{"event":"PostToolUse","ms":42.38100499999996},{"event":"PreToolUse","ms":1.524061999999958},{"event":"PostToolUse","ms":39.82290399999988},{"event":"PreToolUse","ms":3.542174000000159},{"event":"PostToolUse","ms":40.750082999999904},{"event":"PreToolUse","ms":1.5758200000000215},{"event":"PostToolUse","ms":40.58554600000002},{"event":"PreToolUse","ms":1.478273000000172},{"event":"PostToolUse","ms":39.88465700000006},{"event":"PreToolUse","ms":1.7410970000000816},{"event":"PostToolUse","ms":40.30893200000014},{"event":"PreToolUse","ms":1.5590250000000196},{"event":"PostToolUse","ms":41.64141799999993},{"event":"PreToolUse","ms":12.978805000000193},{"event":"PostToolUse","ms":40.75245599999994},{"event":"PreToolUse","ms":1.6390539999999874},{"event":"PostToolUse","ms":41.70756600000004},{"event":"PreToolUse","ms":1.5733359999999266},{"event":"PostToolUse","ms":42.11768099999995},{"event":"PreToolUse","ms":1.5678070000001298},{"event":"PostToolUse","ms":43.657917},{"event":"PreToolUse","ms":1.6968309999999747},{"event":"PostToolUse","ms":42.14584200000013},{"event":"PreToolUse","ms":1.866694999999936},{"event":"PostToolUse","ms":42.039523000000145},{"event":"PreToolUse","ms":1.5539980000000924},{"event":"PostToolUse","ms":40.038626999999906},{"event":"PreToolUse","ms":1.8582329999999274},{"event":"PostToolUse","ms":38.86860499999989},{"event":"PreToolUse","ms":1.5701309999999467},{"event":"PostToolUse","ms":38.86489000000006},{"event":"PreToolUse","ms":1.8258140000000367},{"event":"PostToolUse","ms":39.71335000000022},{"event":"PreToolUse","ms":12.5608900000002},{"event":"PostToolUse","ms":39.12215400000014},{"event":"PreToolUse","ms":1.9406260000000657},{"event":"PostToolUse","ms":39.23946999999998},{"event":"PreToolUse","ms":1.730401000000029},{"event":"PostToolUse","ms":40.057244999999966},{"event":"PreToolUse","ms":1.901877999999897},{"event":"PostToolUse","ms":40.23628299999996}]}
2026-09-24T01:04:18.5684397Z IdleProof PERF PASS (Python/Core) · hook p95 42.4ms · max 43.7ms · Stop 166.9ms · state p95 0.2ms
2026-09-24T01:04:21.3174960Z {"schema":"idleproof-hook-latency-samples-1","provider":"tree-sitter-typescript","node":"v22.23.2","platform":"linux","arch":"x64","cpus":4,"p95Ms":61.07197400000001,"maxMs":167.86111899999992,"budgets":{"p95Ms":150,"maxMs":500},"samples":[{"event":"PreToolUse","ms":4.455882000000003},{"event":"PostToolUse","ms":61.876138999999995},{"event":"PreToolUse","ms":1.9117430000000013},{"event":"PostToolUse","ms":59.063335999999964},{"event":"PreToolUse","ms":1.7609969999999748},{"event":"PostToolUse","ms":57.930439999999976},{"event":"PreToolUse","ms":1.6820989999999938},{"event":"PostToolUse","ms":58.70492899999999},{"event":"PreToolUse","ms":1.6626899999999978},{"event":"PostToolUse","ms":61.07197400000001},{"event":"PreToolUse","ms":1.9170010000000275},{"event":"PostToolUse","ms":56.07549199999994},{"event":"PreToolUse","ms":1.4362409999999954},{"event":"PostToolUse","ms":55.96930300000008},{"event":"PreToolUse","ms":1.411514000000011},{"event":"PostToolUse","ms":56.80708799999991},{"event":"PreToolUse","ms":1.8314730000000736},{"event":"PostToolUse","ms":56.407708999999954},{"event":"PreToolUse","ms":1.4948389999999563},{"event":"PostToolUse","ms":57.365976000000046},{"event":"PreToolUse","ms":1.4678049999999985},{"event":"PostToolUse","ms":57.57711200000006},{"event":"PreToolUse","ms":1.7426360000000614},{"event":"PostToolUse","ms":167.86111899999992},{"event":"PreToolUse","ms":88.92841499999986},{"event":"PostToolUse","ms":57.32271300000002},{"event":"PreToolUse","ms":1.528489000000036},{"event":"PostToolUse","ms":56.6541729999999},{"event":"PreToolUse","ms":1.4315469999999095},{"event":"PostToolUse","ms":56.947312999999895},{"event":"PreToolUse","ms":1.4979710000000068},{"event":"PostToolUse","ms":57.03176499999995},{"event":"PreToolUse","ms":1.5214379999999892},{"event":"PostToolUse","ms":58.49934899999994},{"event":"PreToolUse","ms":1.4727430000000368},{"event":"PostToolUse","ms":57.15973599999984},{"event":"PreToolUse","ms":1.466942999999901},{"event":"PostToolUse","ms":57.756413000000066},{"event":"PreToolUse","ms":1.861032000000023},{"event":"PostToolUse","ms":61.78833300000019},{"event":"PreToolUse","ms":1.522621000000072},{"event":"PostToolUse","ms":56.081523999999945},{"event":"PreToolUse","ms":1.5185539999999946},{"event":"PostToolUse","ms":57.797337999999854},{"event":"PreToolUse","ms":1.5575149999999667},{"event":"PostToolUse","ms":57.30281100000002},{"event":"PreToolUse","ms":1.5164210000000367},{"event":"PostToolUse","ms":56.64823799999999},{"event":"PreToolUse","ms":1.7575830000000678},{"event":"PostToolUse","ms":56.54743600000006},{"event":"PreToolUse","ms":1.5028619999998227},{"event":"PostToolUse","ms":56.897199999999884},{"event":"PreToolUse","ms":1.497673000000077},{"event":"PostToolUse","ms":56.335006999999905},{"event":"PreToolUse","ms":1.8856850000001941},{"event":"PostToolUse","ms":56.061058},{"event":"PreToolUse","ms":1.5390159999999469},{"event":"PostToolUse","ms":56.89654900000005},{"event":"PreToolUse","ms":1.4953609999997752},{"event":"PostToolUse","ms":56.5131150000002},{"event":"PreToolUse","ms":1.523312999999689},{"event":"PostToolUse","ms":57.091069999999945},{"event":"PreToolUse","ms":1.77327699999978},{"event":"PostToolUse","ms":56.269158999999945},{"event":"PreToolUse","ms":1.530112999999801},{"event":"PostToolUse","ms":57.29147000000012},{"event":"PreToolUse","ms":1.8396559999996498},{"event":"PostToolUse","ms":60.37417900000037},{"event":"PreToolUse","ms":1.6090800000001764},{"event":"PostToolUse","ms":58.82800300000008},{"event":"PreToolUse","ms":1.8668760000000475},{"event":"PostToolUse","ms":59.75385899999992},{"event":"PreToolUse","ms":1.586287000000084},{"event":"PostToolUse","ms":56.00648500000034},{"event":"PreToolUse","ms":1.7828000000004067},{"event":"PostToolUse","ms":54.76046899999983},{"event":"PreToolUse","ms":10.773219000000154},{"event":"PostToolUse","ms":56.875226999999995},{"event":"PreToolUse","ms":1.8181840000002012},{"event":"PostToolUse","ms":58.81720600000017}]}
2026-09-24T01:04:21.5396135Z IdleProof PERF PASS (TypeScript/Core) · hook p95 61.1ms · max 167.9ms · Stop 163.6ms · state p95 0.2ms
2026-09-24T01:04:26.7811854Z {"schema":"idleproof-hook-latency-samples-1","provider":"tree-sitter-json","node":"v22.23.2","platform":"linux","arch":"x64","cpus":4,"p95Ms":166.70753000000013,"maxMs":229.90146400000003,"budgets":{"p95Ms":150,"maxMs":500},"samples":[{"event":"PreToolUse","ms":6.695010000000025},{"event":"PostToolUse","ms":186.743038},{"event":"PreToolUse","ms":220.86086000000006},{"event":"PostToolUse","ms":89.94679299999996},{"event":"PreToolUse","ms":111.7482960000001},{"event":"PostToolUse","ms":82.90001599999994},{"event":"PreToolUse","ms":110.74942799999985},{"event":"PostToolUse","ms":100.79238600000008},{"event":"PreToolUse","ms":69.04893599999991},{"event":"PostToolUse","ms":160.84554900000012},{"event":"PreToolUse","ms":119.79252599999995},{"event":"PostToolUse","ms":229.90146400000003},{"event":"PreToolUse","ms":2.1698609999998553},{"event":"PostToolUse","ms":118.51820700000007},{"event":"PreToolUse","ms":110.14133700000002},{"event":"PostToolUse","ms":119.45128499999987},{"event":"PreToolUse","ms":89.35681900000009},{"event":"PostToolUse","ms":150.38661000000002},{"event":"PreToolUse","ms":131.107751},{"event":"PostToolUse","ms":127.90404699999999},{"event":"PreToolUse","ms":130.69344599999977},{"event":"PostToolUse","ms":181.76867999999968},{"event":"PreToolUse","ms":145.68540699999994},{"event":"PostToolUse","ms":110.83704899999975},{"event":"PreToolUse","ms":119.36708100000033},{"event":"PostToolUse","ms":166.70753000000013},{"event":"PreToolUse","ms":49.18643800000018},{"event":"PostToolUse","ms":58.20869500000026},{"event":"PreToolUse","ms":1.4462560000001758},{"event":"PostToolUse","ms":57.46160499999996},{"event":"PreToolUse","ms":1.6807080000003225},{"event":"PostToolUse","ms":57.023509000000104},{"event":"PreToolUse","ms":1.5628109999997832},{"event":"PostToolUse","ms":60.455241000000115},{"event":"PreToolUse","ms":1.4578340000002754},{"event":"PostToolUse","ms":58.270576999999776},{"event":"PreToolUse","ms":1.53516000000036},{"event":"PostToolUse","ms":56.32055700000001},{"event":"PreToolUse","ms":1.7667969999997695},{"event":"PostToolUse","ms":58.902324000000135},{"event":"PreToolUse","ms":1.5535479999998643},{"event":"PostToolUse","ms":57.24760500000002},{"event":"PreToolUse","ms":6.863942999999836},{"event":"PostToolUse","ms":61.44279900000038},{"event":"PreToolUse","ms":1.4748490000001766},{"event":"PostToolUse","ms":60.925165000000106},{"event":"PreToolUse","ms":1.469241000000693},{"event":"PostToolUse","ms":59.9706640000004},{"event":"PreToolUse","ms":1.7233320000004824},{"event":"PostToolUse","ms":61.48399100000006},{"event":"PreToolUse","ms":1.5058760000001712},{"event":"PostToolUse","ms":59.56961299999966},{"event":"PreToolUse","ms":1.5303429999994478},{"event":"PostToolUse","ms":58.95141799999965},{"event":"PreToolUse","ms":1.8280180000001565},{"event":"PostToolUse","ms":56.80946800000038},{"event":"PreToolUse","ms":1.4750999999996566},{"event":"PostToolUse","ms":61.25925499999994},{"event":"PreToolUse","ms":1.626527000000351},{"event":"PostToolUse","ms":65.32275200000004},{"event":"PreToolUse","ms":1.528400000000147},{"event":"PostToolUse","ms":64.52168299999994},{"event":"PreToolUse","ms":1.8538769999995566},{"event":"PostToolUse","ms":68.64668200000051},{"event":"PreToolUse","ms":1.5991649999996298},{"event":"PostToolUse","ms":61.78494800000044},{"event":"PreToolUse","ms":1.9938869999996314},{"event":"PostToolUse","ms":58.5046880000009},{"event":"PreToolUse","ms":1.5540380000002187},{"event":"PostToolUse","ms":58.920781000000716},{"event":"PreToolUse","ms":1.8401360000007116},{"event":"PostToolUse","ms":57.82570099999975},{"event":"PreToolUse","ms":1.5187960000002931},{"event":"PostToolUse","ms":59.1654180000005},{"event":"PreToolUse","ms":1.8071970000000874},{"event":"PostToolUse","ms":64.12654999999995},{"event":"PreToolUse","ms":1.6203969999996843},{"event":"PostToolUse","ms":68.84144399999968},{"event":"PreToolUse","ms":1.8650239999997211},{"event":"PostToolUse","ms":64.97643400000015}]}
2026-09-24T01:04:26.7841947Z node:internal/modules/run_main:123
2026-09-24T01:04:26.7842286Z     triggerUncaughtException(
2026-09-24T01:04:26.7843074Z     ^
2026-09-24T01:04:26.7843371Z 
2026-09-24T01:04:26.7843724Z AssertionError [ERR_ASSERTION]: hook p95 166.7ms exceeds 150ms
2026-09-24T01:04:26.7844434Z     at file:///home/runner/work/tooltest/tooltest/idleproof-extraction-consumer/scripts/perf-gate.mjs:63:10
2026-09-24T01:04:26.7844983Z     at ModuleJob.run (node:internal/modules/esm/module_job:343:25)
2026-09-24T01:04:26.7845410Z     at async onImport.tracePromise.__proto__ (node:internal/modules/esm/loader:681:26)
2026-09-24T01:04:26.7845923Z     at async asyncRunEntryPointWithESMLoader (node:internal/modules/run_main:117:5) {
2026-09-24T01:04:26.7846279Z   generatedMessage: false,
2026-09-24T01:04:26.7846481Z   code: 'ERR_ASSERTION',
2026-09-24T01:04:26.7846670Z   actual: false,
2026-09-24T01:04:26.7846921Z   expected: true,
2026-09-24T01:04:26.7847088Z   operator: '==',
2026-09-24T01:04:26.7847259Z   diff: 'simple'
2026-09-24T01:04:26.7847654Z }
2026-09-24T01:04:26.7847743Z 
2026-09-24T01:04:26.7847816Z Node.js v22.23.2
2026-09-24T01:04:26.7898782Z ##[error]Process completed with exit code 1.
2026-09-24T01:04:26.7970678Z Post job cleanup.
2026-09-24T01:04:26.8559926Z [command]/usr/bin/git version
2026-09-24T01:04:26.8592931Z git version 2.55.0
2026-09-24T01:04:26.8615293Z Temporarily overriding HOME='/home/runner/work/_temp/c9a7ca10-e54b-4c09-b9d8-fb1780c5e869' before making global git config changes
2026-09-24T01:04:26.8616161Z Adding repository directory to the temporary git global config as a safe directory
2026-09-24T01:04:26.8619035Z [command]/usr/bin/git config --global --add safe.directory /home/runner/work/tooltest/tooltest/idleproof-extraction-consumer
2026-09-24T01:04:26.8649509Z Removing SSH command configuration
2026-09-24T01:04:26.8654847Z [command]/usr/bin/git config --local --name-only --get-regexp core\.sshCommand
2026-09-24T01:04:26.8691682Z [command]/usr/bin/git submodule foreach --recursive sh -c "git config --local --name-only --get-regexp 'core\.sshCommand' && git config --local --unset-all 'core.sshCommand' || :"
2026-09-24T01:04:26.8901408Z Removing HTTP extra header
2026-09-24T01:04:26.8914833Z [command]/usr/bin/git config --local --name-only --get-regexp http\.https\:\/\/github\.com\/\.extraheader
2026-09-24T01:04:26.8949075Z [command]/usr/bin/git submodule foreach --recursive sh -c "git config --local --name-only --get-regexp 'http\.https\:\/\/github\.com\/\.extraheader' && git config --local --unset-all 'http.https://github.com/.extraheader' || :"
2026-09-24T01:04:26.9153645Z Removing includeIf entries pointing to credentials config files
2026-09-24T01:04:26.9158631Z [command]/usr/bin/git config --local --name-only --get-regexp ^includeIf\.gitdir:
2026-09-24T01:04:26.9192087Z [command]/usr/bin/git submodule foreach --recursive git config --local --show-origin --name-only --get-regexp remote.origin.url
2026-09-24T01:04:26.9488444Z Post job cleanup.
2026-09-24T01:04:27.0120891Z [command]/usr/bin/git version
2026-09-24T01:04:27.0150105Z git version 2.55.0
2026-09-24T01:04:27.0175225Z Temporarily overriding HOME='/home/runner/work/_temp/65304241-1fa5-4292-8314-9aa4ca9673ff' before making global git config changes
2026-09-24T01:04:27.0176228Z Adding repository directory to the temporary git global config as a safe directory
2026-09-24T01:04:27.0178501Z [command]/usr/bin/git config --global --add safe.directory /home/runner/work/tooltest/tooltest
2026-09-24T01:04:27.0214606Z Removing SSH command configuration
2026-09-24T01:04:27.0221203Z [command]/usr/bin/git config --local --name-only --get-regexp core\.sshCommand
2026-09-24T01:04:27.0258049Z [command]/usr/bin/git submodule foreach --recursive sh -c "git config --local --name-only --get-regexp 'core\.sshCommand' && git config --local --unset-all 'core.sshCommand' || :"
2026-09-24T01:04:27.0500172Z Removing HTTP extra header
2026-09-24T01:04:27.0505485Z [command]/usr/bin/git config --local --name-only --get-regexp http\.https\:\/\/github\.com\/\.extraheader
2026-09-24T01:04:27.0542565Z [command]/usr/bin/git submodule foreach --recursive sh -c "git config --local --name-only --get-regexp 'http\.https\:\/\/github\.com\/\.extraheader' && git config --local --unset-all 'http.https://github.com/.extraheader' || :"
2026-09-24T01:04:27.0742624Z Removing includeIf entries pointing to credentials config files
2026-09-24T01:04:27.0747853Z [command]/usr/bin/git config --local --name-only --get-regexp ^includeIf\.gitdir:
2026-09-24T01:04:27.0772156Z includeif.gitdir:/home/runner/work/tooltest/tooltest/.git.path
2026-09-24T01:04:27.0772639Z includeif.gitdir:/home/runner/work/tooltest/tooltest/.git/worktrees/*.path
2026-09-24T01:04:27.0773039Z includeif.gitdir:/github/workspace/.git.path
2026-09-24T01:04:27.0773399Z includeif.gitdir:/github/workspace/.git/worktrees/*.path
2026-09-24T01:04:27.0780042Z [command]/usr/bin/git config --local --get-all includeif.gitdir:/home/runner/work/tooltest/tooltest/.git.path
2026-09-24T01:04:27.0800692Z /home/runner/work/_temp/git-credentials-3a6abe7c-c00e-4a9c-8501-46745fc4c2d1.config
2026-09-24T01:04:27.0807711Z [command]/usr/bin/git config --local --unset includeif.gitdir:/home/runner/work/tooltest/tooltest/.git.path \/home\/runner\/work\/_temp\/git\-credentials\-3a6abe7c\-c00e\-4a9c\-8501\-46745fc4c2d1\.config
2026-09-24T01:04:27.0843848Z [command]/usr/bin/git config --local --get-all includeif.gitdir:/home/runner/work/tooltest/tooltest/.git/worktrees/*.path
2026-09-24T01:04:27.0865547Z /home/runner/work/_temp/git-credentials-3a6abe7c-c00e-4a9c-8501-46745fc4c2d1.config
2026-09-24T01:04:27.0873137Z [command]/usr/bin/git config --local --unset includeif.gitdir:/home/runner/work/tooltest/tooltest/.git/worktrees/*.path \/home\/runner\/work\/_temp\/git\-credentials\-3a6abe7c\-c00e\-4a9c\-8501\-46745fc4c2d1\.config
2026-09-24T01:04:27.0901409Z [command]/usr/bin/git config --local --get-all includeif.gitdir:/github/workspace/.git.path
2026-09-24T01:04:27.0922022Z /github/runner_temp/git-credentials-3a6abe7c-c00e-4a9c-8501-46745fc4c2d1.config
2026-09-24T01:04:27.0927165Z [command]/usr/bin/git config --local --unset includeif.gitdir:/github/workspace/.git.path \/github\/runner_temp\/git\-credentials\-3a6abe7c\-c00e\-4a9c\-8501\-46745fc4c2d1\.config
2026-09-24T01:04:27.0955337Z [command]/usr/bin/git config --local --get-all includeif.gitdir:/github/workspace/.git/worktrees/*.path
2026-09-24T01:04:27.0975440Z /github/runner_temp/git-credentials-3a6abe7c-c00e-4a9c-8501-46745fc4c2d1.config
2026-09-24T01:04:27.0981039Z [command]/usr/bin/git config --local --unset includeif.gitdir:/github/workspace/.git/worktrees/*.path \/github\/runner_temp\/git\-credentials\-3a6abe7c\-c00e\-4a9c\-8501\-46745fc4c2d1\.config
2026-09-24T01:04:27.1009546Z [command]/usr/bin/git submodule foreach --recursive git config --local --show-origin --name-only --get-regexp remote.origin.url
2026-09-24T01:04:27.1183521Z Removing credentials config '/home/runner/work/_temp/git-credentials-3a6abe7c-c00e-4a9c-8501-46745fc4c2d1.config'
2026-09-24T01:04:27.1310977Z Cleaning up orphan processes
