{
  "classification": "diagnostic paired copy microbenchmark",
  "pairs": 12,
  "raw_seconds": {
    "parent": [
      0.018613519999234995,
      0.019452301000455918,
      0.01762753699949826,
      0.017910372999722313,
      0.01739655999972456,
      0.018323643999792694,
      0.017790112000511726,
      0.018766449999930046,
      0.019100723000519793,
      0.017855048999990686,
      0.017996151000261307,
      0.018747301000075822
    ],
    "candidate": [
      0.014558071000465134,
      0.013952491000054579,
      0.0178561009997793,
      0.013236644000244269,
      0.013221661999523349,
      0.013002101999518345,
      0.017464461999225023,
      0.013599580000118294,
      0.014136717999463144,
      0.013322083000275597,
      0.017233364999810874,
      0.014542858999448072
    ]
  },
  "medians": {
    "parent": 0.018159897500027,
    "candidate": 0.014044604499758861
  }
}
