test_json_values_preserve_types_and_detach_nested_mutability (test_continuity_detachment.DetachmentTests.test_json_values_preserve_types_and_detach_nested_mutability) ... ok
test_public_result_flags_share_the_runtime_deepcopy_memo (test_continuity_detachment.DetachmentTests.test_public_result_flags_share_the_runtime_deepcopy_memo) ... FAIL
test_shared_aliases_and_cycles_match_deepcopy (test_continuity_detachment.DetachmentTests.test_shared_aliases_and_cycles_match_deepcopy) ... ok
test_subclass_memo_overrides_for_atomic_values_follow_runtime_deepcopy (test_continuity_detachment.DetachmentTests.test_subclass_memo_overrides_for_atomic_values_follow_runtime_deepcopy) ... ok
test_subclasses_retain_existing_deepcopy_behavior (test_continuity_detachment.DetachmentTests.test_subclasses_retain_existing_deepcopy_behavior) ... ok
test_tuple_fallback_shares_one_memo_with_json_containers (test_continuity_detachment.DetachmentTests.test_tuple_fallback_shares_one_memo_with_json_containers) ... ok

======================================================================
FAIL: test_public_result_flags_share_the_runtime_deepcopy_memo (test_continuity_detachment.DetachmentTests.test_public_result_flags_share_the_runtime_deepcopy_memo)
----------------------------------------------------------------------
Traceback (most recent call last):
  File "/workspace/scratch/6732e14eb939/core_scale/tests/test_continuity_detachment.py", line 34, in test_public_result_flags_share_the_runtime_deepcopy_memo
    self.assertEqual([flag for _, flag in result], [flag for _, flag in expected])
AssertionError: Lists differ: [True, False] != [['created override'], ['duplicate override']]

First differing element 0:
True
['created override']

- [True, False]
+ [['created override'], ['duplicate override']]

----------------------------------------------------------------------
Ran 6 tests in 0.020s

FAILED (failures=1)
