import time: self [us] | cumulative | imported package
import time:     24288 |      24288 |   _io
import time:       118 |        118 |   marshal
import time:     15497 |      15497 |   posix
import time:      9601 |      49502 | _frozen_importlib_external
import time:       322 |        322 |   time
import time:       226 |        548 | zipimport
import time:        72 |         72 |     _codecs
import time:       623 |        694 |   codecs
import time:      1286 |       1286 |   encodings.aliases
import time:     37638 |      39617 | encodings
import time:       659 |        659 | encodings.utf_8
import time:       126 |        126 | _signal
import time:        47 |         47 |     _abc
import time:       184 |        231 |   abc
import time:       420 |        650 | io
import time:       136 |        136 |       _stat
import time:       128 |        263 |     stat
import time:      1536 |       1536 |     _collections_abc
import time:       905 |        905 |       genericpath
import time:       154 |       1059 |     posixpath
import time:       592 |       3449 |   os
import time:        83 |         83 |   _sitebuiltins
import time:       293 |        293 |   sitecustomize
import time:       652 |       4475 | site
import time:       430 |        430 |       warnings
import time:      3294 |       3723 |     importlib
import time:        51 |       3774 |   importlib.machinery
import time:       155 |        155 |     importlib._abc
import time:       347 |        347 |     types
import time:       231 |        732 |   importlib.util
import time:       110 |       4615 | runpy
import time:       188 |        188 | diffwitness
import time:       194 |        194 |   __future__
import time:       135 |        135 |       _heapq
import time:       271 |        406 |     heapq
import time:       676 |        676 |       itertools
import time:       334 |        334 |       keyword
import time:       136 |        136 |         _operator
import time:      1312 |       1448 |       operator
import time:       244 |        244 |       reprlib
import time:       117 |        117 |       _collections
import time:      2803 |       5620 |     collections
import time:       342 |        342 |           _functools
import time:      1424 |       1765 |         functools
import time:      3918 |       5683 |       enum
import time:       202 |        202 |         _sre
import time:      4035 |       4035 |           re._constants
import time:      1356 |       5391 |         re._parser
import time:       163 |        163 |         re._casefix
import time:      1737 |       7491 |       re._compiler
import time:       233 |        233 |       copyreg
import time:      2437 |      15842 |     re
import time:      2100 |      23966 |   difflib
import time:      5066 |       5066 |     _hashlib
import time:       351 |        351 |     _blake2
import time:       719 |       6135 |   hashlib
import time:        69 |         69 |         _json
import time:       891 |        960 |       json.scanner
import time:      1962 |       2922 |     json.decoder
import time:      1462 |       1462 |     json.encoder
import time:       677 |       5060 |   json
import time:       317 |        317 |     fnmatch
import time:       668 |        668 |       _winapi
import time:        65 |         65 |       nt
import time:        51 |         51 |       nt
import time:        61 |         61 |       nt
import time:        43 |         43 |       nt
import time:        39 |         39 |       nt
import time:        38 |         38 |       nt
import time:       251 |       1213 |     ntpath
import time:        75 |         75 |     errno
import time:       303 |        303 |       urllib
import time:       189 |        189 |       math
import time:      7955 |       7955 |       ipaddress
import time:      5580 |      14027 |     urllib.parse
import time:      8270 |      23900 |   pathlib
import time:       391 |      59644 | diffwitness.entry
import time:      3154 |       3154 |     gettext
import time:      2269 |       5422 |   argparse
import time:      1484 |       1484 |   contextlib
import time:        43 |         43 |     _contextvars
import time:       368 |        410 |   contextvars
import time:       114 |        114 |       zlib
import time:      1291 |       1291 |         _compression
import time:        76 |         76 |         _bz2
import time:       268 |       1635 |       bz2
import time:        62 |         62 |         _lzma
import time:       350 |        411 |       lzma
import time:      1706 |       3864 |     shutil
import time:       325 |        325 |         _locale
import time:      1716 |       2040 |       locale
import time:       601 |        601 |       signal
import time:       191 |        191 |         _weakrefset
import time:      1446 |       1637 |       threading
import time:        90 |         90 |       fcntl
import time:        71 |         71 |       msvcrt
import time:        34 |         34 |       _posixsubprocess
import time:        50 |         50 |       select
import time:       129 |        129 |         collections.abc
import time:       696 |        824 |       selectors
import time:      1525 |       6868 |     subprocess
import time:        42 |         42 |           _bisect
import time:       261 |        302 |         bisect
import time:        39 |         39 |         _random
import time:        41 |         41 |         _sha2
import time:      1138 |       1517 |       random
import time:       549 |        549 |       weakref
import time:      3251 |       5316 |     tempfile
import time:      1210 |       1210 |       _typing
import time:     14429 |      15638 |     typing
import time:      3831 |      35515 |   diffwitness.gitops
import time:       510 |      43339 | diffwitness.language
import time:       367 |        367 |     _datetime
import time:       592 |        958 |   datetime
import time:       800 |        800 |     copy
import time:       463 |        463 |     diffwitness.continuity_task_contract
import time:       252 |        252 |     diffwitness.continuity_lifecycle_contract
import time:       178 |        178 |     diffwitness.continuity_git_contract
import time:       632 |       2324 |   diffwitness.continuity_contract
import time:      4983 |       8265 | diffwitness.continuity_cli
import time:       148 |        148 |       _struct
import time:       238 |        385 |     struct
import time:       153 |        153 |     binascii
import time:       396 |        933 |   base64
import time:      2516 |       2516 |         _ast
import time:      7024 |       9540 |       ast
import time:        46 |         46 |           _opcode
import time:       470 |        515 |         opcode
import time:      1177 |       1692 |       dis
import time:       408 |        408 |           token
import time:        38 |         38 |           _tokenize
import time:      1680 |       2125 |         tokenize
import time:       285 |       2410 |       linecache
import time:      8634 |      22274 |     inspect
import time:       755 |      23029 |   dataclasses
import time:       155 |        155 |   diffwitness.json_contract
import time:      6333 |       6333 |     diffwitness.structure_contract
import time:       175 |        175 |     diffwitness.structure_python
import time:       140 |        140 |           _csv
import time:      3781 |       3920 |         csv
import time:       216 |        216 |         email
import time:       115 |        115 |             zipfile._path.glob
import time:      1362 |       1477 |           zipfile._path
import time:      2026 |       3502 |         zipfile
import time:      1089 |       1089 |         textwrap
import time:       142 |        142 |             quopri
import time:       796 |        796 |                 _socket
import time:       507 |        507 |                 array
import time:      2860 |       4162 |               socket
import time:      2933 |       2933 |                 calendar
import time:       568 |       3501 |               email._parseaddr
import time:       150 |        150 |                 email.base64mime
import time:        51 |         51 |                     _string
import time:      1018 |       1069 |                   string
import time:      2113 |       3181 |                 email.quoprimime
import time:       529 |        529 |                 email.errors
import time:       111 |        111 |                 email.encoders
import time:       521 |       4489 |               email.charset
import time:       478 |      12629 |             email.utils
import time:       673 |        673 |               email.header
import time:      2536 |       3209 |             email._policybase
import time:       312 |        312 |             email._encoded_words
import time:       251 |        251 |             email.iterators
import time:      1598 |      18139 |           email.message
import time:       247 |        247 |             importlib.metadata._functools
import time:       175 |        422 |           importlib.metadata._text
import time:       276 |      18835 |         importlib.metadata._adapters
import time:       541 |        541 |         importlib.metadata._meta
import time:       288 |        288 |         importlib.metadata._collections
import time:       114 |        114 |         importlib.metadata._itertools
import time:       422 |        422 |               importlib.resources.abc
import time:       384 |        384 |               importlib.resources._adapters
import time:       693 |       1497 |             importlib.resources._common
import time:       295 |        295 |             importlib.resources._legacy
import time:       108 |       1899 |           importlib.resources
import time:      2040 |       3939 |         importlib.abc
import time:      3314 |      35755 |       importlib.metadata
import time:       240 |        240 |       diffwitness.structure_sources
import time:       279 |      36273 |     diffwitness.structure_syntax
import time:       265 |      43045 |   diffwitness.structure_registry
import time:       254 |      67415 | diffwitness.structure_transport
import time:       729 |        729 |   email.feedparser
import time:       464 |       1193 | email.parser
import time:      4596 |       4596 | tree_sitter._binding
import time:       508 |        508 | tree_sitter_json._binding
import time:       182 |        182 |         tomllib._types
import time:      1134 |       1315 |       tomllib._re
import time:       987 |       2302 |     tomllib._parser
import time:       208 |       2509 |   tomllib
import time:       318 |       2827 | diffwitness.structure_data
