test_actual_syntax_import_positions_reuse_every_adapter (test_structure_import_references.ImportReferenceTests.test_actual_syntax_import_positions_reuse_every_adapter) ...
  test_actual_syntax_import_positions_reuse_every_adapter (test_structure_import_references.ImportReferenceTests.test_actual_syntax_import_positions_reuse_every_adapter) (path='a.ts') ... FAIL
  test_actual_syntax_import_positions_reuse_every_adapter (test_structure_import_references.ImportReferenceTests.test_actual_syntax_import_positions_reuse_every_adapter) (path='a.go') ... FAIL
  test_actual_syntax_import_positions_reuse_every_adapter (test_structure_import_references.ImportReferenceTests.test_actual_syntax_import_positions_reuse_every_adapter) (path='a.rs') ... FAIL
  test_actual_syntax_import_positions_reuse_every_adapter (test_structure_import_references.ImportReferenceTests.test_actual_syntax_import_positions_reuse_every_adapter) (path='A.java') ... FAIL
  test_actual_syntax_import_positions_reuse_every_adapter (test_structure_import_references.ImportReferenceTests.test_actual_syntax_import_positions_reuse_every_adapter) (path='A.cs') ... FAIL
  test_actual_syntax_import_positions_reuse_every_adapter (test_structure_import_references.ImportReferenceTests.test_actual_syntax_import_positions_reuse_every_adapter) (path='a.kt') ... FAIL
  test_actual_syntax_import_positions_reuse_every_adapter (test_structure_import_references.ImportReferenceTests.test_actual_syntax_import_positions_reuse_every_adapter) (path='a.rb') ... FAIL
  test_actual_syntax_import_positions_reuse_every_adapter (test_structure_import_references.ImportReferenceTests.test_actual_syntax_import_positions_reuse_every_adapter) (path='a.php') ... FAIL
test_immutable_index_never_picks_ambiguous_or_outside_relative_modules (test_structure_import_references.ImportReferenceTests.test_immutable_index_never_picks_ambiguous_or_outside_relative_modules) ... ok
test_import_detail_admission_rejects_invalid_positions_and_members (test_structure_import_references.ImportReferenceTests.test_import_detail_admission_rejects_invalid_positions_and_members) ... ok
test_outside_package_relative_imports_never_become_absolute_names (test_structure_import_references.ImportReferenceTests.test_outside_package_relative_imports_never_become_absolute_names) ... ok
test_package_initializer_retains_base_members_and_source_positions (test_structure_import_references.ImportReferenceTests.test_package_initializer_retains_base_members_and_source_positions) ... ok
test_python_aliases_crlf_and_decoys_preserve_only_import_syntax (test_structure_import_references.ImportReferenceTests.test_python_aliases_crlf_and_decoys_preserve_only_import_syntax) ... ok
test_v1_field_shape_is_preserved_and_v2_is_explicit (test_structure_import_references.ImportReferenceTests.test_v1_field_shape_is_preserved_and_v2_is_explicit) ... ok

======================================================================
FAIL: test_actual_syntax_import_positions_reuse_every_adapter (test_structure_import_references.ImportReferenceTests.test_actual_syntax_import_positions_reuse_every_adapter) (path='a.ts')
----------------------------------------------------------------------
Traceback (most recent call last):
  File "/workspace/scratch/e9f3b6772074/work/core_imports/tests/test_structure_import_references.py", line 81, in test_actual_syntax_import_positions_reuse_every_adapter
    self.assertTrue(all(i.members is None and i.source_target is None for i in value.imports),
AssertionError: False is not true : Unavailable member/raw-target detail must be explicit, not an empty fact

======================================================================
FAIL: test_actual_syntax_import_positions_reuse_every_adapter (test_structure_import_references.ImportReferenceTests.test_actual_syntax_import_positions_reuse_every_adapter) (path='a.go')
----------------------------------------------------------------------
Traceback (most recent call last):
  File "/workspace/scratch/e9f3b6772074/work/core_imports/tests/test_structure_import_references.py", line 81, in test_actual_syntax_import_positions_reuse_every_adapter
    self.assertTrue(all(i.members is None and i.source_target is None for i in value.imports),
AssertionError: False is not true : Unavailable member/raw-target detail must be explicit, not an empty fact

======================================================================
FAIL: test_actual_syntax_import_positions_reuse_every_adapter (test_structure_import_references.ImportReferenceTests.test_actual_syntax_import_positions_reuse_every_adapter) (path='a.rs')
----------------------------------------------------------------------
Traceback (most recent call last):
  File "/workspace/scratch/e9f3b6772074/work/core_imports/tests/test_structure_import_references.py", line 81, in test_actual_syntax_import_positions_reuse_every_adapter
    self.assertTrue(all(i.members is None and i.source_target is None for i in value.imports),
AssertionError: False is not true : Unavailable member/raw-target detail must be explicit, not an empty fact

======================================================================
FAIL: test_actual_syntax_import_positions_reuse_every_adapter (test_structure_import_references.ImportReferenceTests.test_actual_syntax_import_positions_reuse_every_adapter) (path='A.java')
----------------------------------------------------------------------
Traceback (most recent call last):
  File "/workspace/scratch/e9f3b6772074/work/core_imports/tests/test_structure_import_references.py", line 81, in test_actual_syntax_import_positions_reuse_every_adapter
    self.assertTrue(all(i.members is None and i.source_target is None for i in value.imports),
AssertionError: False is not true : Unavailable member/raw-target detail must be explicit, not an empty fact

======================================================================
FAIL: test_actual_syntax_import_positions_reuse_every_adapter (test_structure_import_references.ImportReferenceTests.test_actual_syntax_import_positions_reuse_every_adapter) (path='A.cs')
----------------------------------------------------------------------
Traceback (most recent call last):
  File "/workspace/scratch/e9f3b6772074/work/core_imports/tests/test_structure_import_references.py", line 81, in test_actual_syntax_import_positions_reuse_every_adapter
    self.assertTrue(all(i.members is None and i.source_target is None for i in value.imports),
AssertionError: False is not true : Unavailable member/raw-target detail must be explicit, not an empty fact

======================================================================
FAIL: test_actual_syntax_import_positions_reuse_every_adapter (test_structure_import_references.ImportReferenceTests.test_actual_syntax_import_positions_reuse_every_adapter) (path='a.kt')
----------------------------------------------------------------------
Traceback (most recent call last):
  File "/workspace/scratch/e9f3b6772074/work/core_imports/tests/test_structure_import_references.py", line 81, in test_actual_syntax_import_positions_reuse_every_adapter
    self.assertTrue(all(i.members is None and i.source_target is None for i in value.imports),
AssertionError: False is not true : Unavailable member/raw-target detail must be explicit, not an empty fact

======================================================================
FAIL: test_actual_syntax_import_positions_reuse_every_adapter (test_structure_import_references.ImportReferenceTests.test_actual_syntax_import_positions_reuse_every_adapter) (path='a.rb')
----------------------------------------------------------------------
Traceback (most recent call last):
  File "/workspace/scratch/e9f3b6772074/work/core_imports/tests/test_structure_import_references.py", line 81, in test_actual_syntax_import_positions_reuse_every_adapter
    self.assertTrue(all(i.members is None and i.source_target is None for i in value.imports),
AssertionError: False is not true : Unavailable member/raw-target detail must be explicit, not an empty fact

======================================================================
FAIL: test_actual_syntax_import_positions_reuse_every_adapter (test_structure_import_references.ImportReferenceTests.test_actual_syntax_import_positions_reuse_every_adapter) (path='a.php')
----------------------------------------------------------------------
Traceback (most recent call last):
  File "/workspace/scratch/e9f3b6772074/work/core_imports/tests/test_structure_import_references.py", line 81, in test_actual_syntax_import_positions_reuse_every_adapter
    self.assertTrue(all(i.members is None and i.source_target is None for i in value.imports),
AssertionError: False is not true : Unavailable member/raw-target detail must be explicit, not an empty fact

----------------------------------------------------------------------
Ran 7 tests in 0.053s

FAILED (failures=8)
