test_cursor_policy_is_compatible_and_forged_opt_in_cannot_skip_assessments (test_continuity_git_lineage.GitLineageTests.test_cursor_policy_is_compatible_and_forged_opt_in_cannot_skip_assessments) ... ERROR
test_duplicate_content_copy_edit_and_mode_changes_are_not_silent_identity_merges (test_continuity_git_lineage.GitLineageTests.test_duplicate_content_copy_edit_and_mode_changes_are_not_silent_identity_merges) ... ERROR
test_opt_in_persists_inferred_relocation_with_exact_binding_and_no_proof_transfer (test_continuity_git_lineage.GitLineageTests.test_opt_in_persists_inferred_relocation_with_exact_binding_and_no_proof_transfer) ... ERROR
test_profile_rejects_promoted_authority_unbound_paths_and_altered_relations (test_continuity_git_lineage.GitLineageTests.test_profile_rejects_promoted_authority_unbound_paths_and_altered_relations) ... ERROR
test_rename_back_and_branch_divergence_retain_distinct_cited_observations (test_continuity_git_lineage.GitLineageTests.test_rename_back_and_branch_divergence_retain_distinct_cited_observations) ... ERROR

======================================================================
ERROR: test_cursor_policy_is_compatible_and_forged_opt_in_cannot_skip_assessments (test_continuity_git_lineage.GitLineageTests.test_cursor_policy_is_compatible_and_forged_opt_in_cannot_skip_assessments)
----------------------------------------------------------------------
Traceback (most recent call last):
  File "/workspace/scratch/e9f3b6772074/work/core_lineage/tests/test_continuity_git_lineage.py", line 124, in test_cursor_policy_is_compatible_and_forged_opt_in_cannot_skip_assessments
    self.page(all_branches=True, cursor=legacy['next_cursor'])
  File "/workspace/scratch/e9f3b6772074/work/core_lineage/tests/test_continuity_git_lineage.py", line 55, in page
    return bootstrap_git_history(self.repo, include_lineage=True, **options)
           ^^^^^^^^^^^^^^^^^^^^^^^^^^^^^^^^^^^^^^^^^^^^^^^^^^^^^^^^^^^^^^^^^
TypeError: bootstrap_git_history() got an unexpected keyword argument 'include_lineage'

======================================================================
ERROR: test_duplicate_content_copy_edit_and_mode_changes_are_not_silent_identity_merges (test_continuity_git_lineage.GitLineageTests.test_duplicate_content_copy_edit_and_mode_changes_are_not_silent_identity_merges)
----------------------------------------------------------------------
Traceback (most recent call last):
  File "/workspace/scratch/e9f3b6772074/work/core_lineage/tests/test_continuity_git_lineage.py", line 95, in test_duplicate_content_copy_edit_and_mode_changes_are_not_silent_identity_merges
    result = self.page(max_commits=1)
             ^^^^^^^^^^^^^^^^^^^^^^^^
  File "/workspace/scratch/e9f3b6772074/work/core_lineage/tests/test_continuity_git_lineage.py", line 55, in page
    return bootstrap_git_history(self.repo, include_lineage=True, **options)
           ^^^^^^^^^^^^^^^^^^^^^^^^^^^^^^^^^^^^^^^^^^^^^^^^^^^^^^^^^^^^^^^^^
TypeError: bootstrap_git_history() got an unexpected keyword argument 'include_lineage'

======================================================================
ERROR: test_opt_in_persists_inferred_relocation_with_exact_binding_and_no_proof_transfer (test_continuity_git_lineage.GitLineageTests.test_opt_in_persists_inferred_relocation_with_exact_binding_and_no_proof_transfer)
----------------------------------------------------------------------
Traceback (most recent call last):
  File "/workspace/scratch/e9f3b6772074/work/core_lineage/tests/test_continuity_git_lineage.py", line 68, in test_opt_in_persists_inferred_relocation_with_exact_binding_and_no_proof_transfer
    result = self.page()
             ^^^^^^^^^^^
  File "/workspace/scratch/e9f3b6772074/work/core_lineage/tests/test_continuity_git_lineage.py", line 55, in page
    return bootstrap_git_history(self.repo, include_lineage=True, **options)
           ^^^^^^^^^^^^^^^^^^^^^^^^^^^^^^^^^^^^^^^^^^^^^^^^^^^^^^^^^^^^^^^^^
TypeError: bootstrap_git_history() got an unexpected keyword argument 'include_lineage'

======================================================================
ERROR: test_profile_rejects_promoted_authority_unbound_paths_and_altered_relations (test_continuity_git_lineage.GitLineageTests.test_profile_rejects_promoted_authority_unbound_paths_and_altered_relations)
----------------------------------------------------------------------
Traceback (most recent call last):
  File "/workspace/scratch/e9f3b6772074/work/core_lineage/tests/test_continuity_git_lineage.py", line 141, in test_profile_rejects_promoted_authority_unbound_paths_and_altered_relations
    self.page(max_commits=1)
  File "/workspace/scratch/e9f3b6772074/work/core_lineage/tests/test_continuity_git_lineage.py", line 55, in page
    return bootstrap_git_history(self.repo, include_lineage=True, **options)
           ^^^^^^^^^^^^^^^^^^^^^^^^^^^^^^^^^^^^^^^^^^^^^^^^^^^^^^^^^^^^^^^^^
TypeError: bootstrap_git_history() got an unexpected keyword argument 'include_lineage'

======================================================================
ERROR: test_rename_back_and_branch_divergence_retain_distinct_cited_observations (test_continuity_git_lineage.GitLineageTests.test_rename_back_and_branch_divergence_retain_distinct_cited_observations)
----------------------------------------------------------------------
Traceback (most recent call last):
  File "/workspace/scratch/e9f3b6772074/work/core_lineage/tests/test_continuity_git_lineage.py", line 166, in test_rename_back_and_branch_divergence_retain_distinct_cited_observations
    self.page(all_branches=True)
  File "/workspace/scratch/e9f3b6772074/work/core_lineage/tests/test_continuity_git_lineage.py", line 55, in page
    return bootstrap_git_history(self.repo, include_lineage=True, **options)
           ^^^^^^^^^^^^^^^^^^^^^^^^^^^^^^^^^^^^^^^^^^^^^^^^^^^^^^^^^^^^^^^^^
TypeError: bootstrap_git_history() got an unexpected keyword argument 'include_lineage'

----------------------------------------------------------------------
Ran 5 tests in 0.369s

FAILED (errors=5)
