2026-09-20T14:06:58.9812514Z fatal: update refs/heads/generated-0: expected SP but got: ?
2026-09-20T14:13:49.6867544Z ERROR: test_missing_non_first_parent_and_excessive_branch_capture_fail_before_append (test_continuity_git_branches.GitBranchHistoryTests.test_missing_non_first_parent_and_excessive_branch_capture_fail_before_append)
2026-09-20T14:13:49.6869395Z ----------------------------------------------------------------------
2026-09-20T14:13:49.6869982Z Traceback (most recent call last):
2026-09-20T14:13:49.6881267Z   File "D:\a\tooltest\tooltest\tests\test_continuity_git_branches.py", line 145, in test_missing_non_first_parent_and_excessive_branch_capture_fail_before_append
2026-09-20T14:13:49.6883188Z     self.git('update-ref', '--stdin', input=''.join(f'update refs/heads/generated-{n} {self.tip}\n' for n in range(257)))
2026-09-20T14:13:49.6884294Z   File "D:\a\tooltest\tooltest\tests\test_continuity_git_history.py", line 36, in git
2026-09-20T14:13:49.6885343Z     return subprocess.check_output(['git', *args], cwd=self.repo, input=input, text=True, encoding='utf-8').strip()
2026-09-20T14:13:49.6886213Z            ^^^^^^^^^^^^^^^^^^^^^^^^^^^^^^^^^^^^^^^^^^^^^^^^^^^^^^^^^^^^^^^^^^^^^^^^^^^^^^^^^^^^^^^^^^^^^^^^
2026-09-20T14:13:49.6887135Z   File "C:\hostedtoolcache\windows\Python\3.12.10\x64\Lib\subprocess.py", line 466, in check_output
2026-09-20T14:13:49.6887987Z     return run(*popenargs, stdout=PIPE, timeout=timeout, check=True,
2026-09-20T14:13:49.6888613Z            ^^^^^^^^^^^^^^^^^^^^^^^^^^^^^^^^^^^^^^^^^^^^^^^^^^^^^^^^^
2026-09-20T14:13:49.6889402Z   File "C:\hostedtoolcache\windows\Python\3.12.10\x64\Lib\subprocess.py", line 571, in run
2026-09-20T14:13:49.6890202Z     raise CalledProcessError(retcode, process.args,
2026-09-20T14:13:49.6891021Z subprocess.CalledProcessError: Command '['git', 'update-ref', '--stdin']' returned non-zero exit status 128.
2026-09-20T14:13:49.6891673Z
2026-09-20T14:13:49.6891885Z ----------------------------------------------------------------------
2026-09-20T14:13:49.6892453Z Ran 632 tests in 499.602s
2026-09-20T14:13:49.6892704Z
2026-09-20T14:13:49.6892851Z FAILED (errors=1, skipped=49)
