test_extraction_stays_independent_of_journal_proof_and_debt_services (test_structure_transport.StructureTransportTests.test_extraction_stays_independent_of_journal_proof_and_debt_services) ... 
  test_extraction_stays_independent_of_journal_proof_and_debt_services (test_structure_transport.StructureTransportTests.test_extraction_stays_independent_of_journal_proof_and_debt_services) (version=1, language='en') ... FAIL
  test_extraction_stays_independent_of_journal_proof_and_debt_services (test_structure_transport.StructureTransportTests.test_extraction_stays_independent_of_journal_proof_and_debt_services) (version=1, language='fr') ... FAIL
  test_extraction_stays_independent_of_journal_proof_and_debt_services (test_structure_transport.StructureTransportTests.test_extraction_stays_independent_of_journal_proof_and_debt_services) (version=2, language='en') ... FAIL
  test_extraction_stays_independent_of_journal_proof_and_debt_services (test_structure_transport.StructureTransportTests.test_extraction_stays_independent_of_journal_proof_and_debt_services) (version=2, language='fr') ... FAIL
test_malformed_json_path_base64_schema_and_duplicate_paths_fail_atomically (test_structure_transport.StructureTransportTests.test_malformed_json_path_base64_schema_and_duplicate_paths_fail_atomically) ... ok
test_public_entry_never_discovers_repository_or_reads_language_preferences (test_structure_transport.StructureTransportTests.test_public_entry_never_discovers_repository_or_reads_language_preferences) ... ok
test_real_cli_outside_git_preserves_python_provider_and_french_json (test_structure_transport.StructureTransportTests.test_real_cli_outside_git_preserves_python_provider_and_french_json) ... ok
test_results_are_detached_and_empty_batch_is_valid (test_structure_transport.StructureTransportTests.test_results_are_detached_and_empty_batch_is_valid) ... ok
test_transport_limits_and_binary_or_invalid_python_have_explicit_coverage (test_structure_transport.StructureTransportTests.test_transport_limits_and_binary_or_invalid_python_have_explicit_coverage) ... ok
test_wire_bounds_reject_before_emitting_any_partial_response (test_structure_transport.StructureTransportTests.test_wire_bounds_reject_before_emitting_any_partial_response) ... ok

======================================================================
FAIL: test_extraction_stays_independent_of_journal_proof_and_debt_services (test_structure_transport.StructureTransportTests.test_extraction_stays_independent_of_journal_proof_and_debt_services) (version=1, language='en')
----------------------------------------------------------------------
Traceback (most recent call last):
  File "/workspace/scratch/e9f3b6772074/work/core_extract_gitfree/tests/test_structure_transport.py", line 71, in test_extraction_stays_independent_of_journal_proof_and_debt_services
    self.assertEqual(result.returncode, 0, result.stderr)
AssertionError: 1 != 0 : Traceback (most recent call last):
  File "<string>", line 13, in <module>
  File "/workspace/scratch/e9f3b6772074/work/core_extract_startup/src/diffwitness/entry/__init__.py", line 274, in main
    from ..language import LANGUAGES, presentation, saved_language
  File "/workspace/scratch/e9f3b6772074/work/core_extract_startup/src/diffwitness/language.py", line 11, in <module>
    from .gitops import git_metadata_path, repo_root
  File "<frozen importlib._bootstrap>", line 1360, in _find_and_load
  File "<frozen importlib._bootstrap>", line 1322, in _find_and_load_unlocked
  File "<frozen importlib._bootstrap>", line 1262, in _find_spec
  File "<string>", line 10, in find_spec
RuntimeError: unrelated service initialized: diffwitness.gitops


======================================================================
FAIL: test_extraction_stays_independent_of_journal_proof_and_debt_services (test_structure_transport.StructureTransportTests.test_extraction_stays_independent_of_journal_proof_and_debt_services) (version=1, language='fr')
----------------------------------------------------------------------
Traceback (most recent call last):
  File "/workspace/scratch/e9f3b6772074/work/core_extract_gitfree/tests/test_structure_transport.py", line 71, in test_extraction_stays_independent_of_journal_proof_and_debt_services
    self.assertEqual(result.returncode, 0, result.stderr)
AssertionError: 1 != 0 : Traceback (most recent call last):
  File "<string>", line 13, in <module>
  File "/workspace/scratch/e9f3b6772074/work/core_extract_startup/src/diffwitness/entry/__init__.py", line 274, in main
    from ..language import LANGUAGES, presentation, saved_language
  File "/workspace/scratch/e9f3b6772074/work/core_extract_startup/src/diffwitness/language.py", line 11, in <module>
    from .gitops import git_metadata_path, repo_root
  File "<frozen importlib._bootstrap>", line 1360, in _find_and_load
  File "<frozen importlib._bootstrap>", line 1322, in _find_and_load_unlocked
  File "<frozen importlib._bootstrap>", line 1262, in _find_spec
  File "<string>", line 10, in find_spec
RuntimeError: unrelated service initialized: diffwitness.gitops


======================================================================
FAIL: test_extraction_stays_independent_of_journal_proof_and_debt_services (test_structure_transport.StructureTransportTests.test_extraction_stays_independent_of_journal_proof_and_debt_services) (version=2, language='en')
----------------------------------------------------------------------
Traceback (most recent call last):
  File "/workspace/scratch/e9f3b6772074/work/core_extract_gitfree/tests/test_structure_transport.py", line 71, in test_extraction_stays_independent_of_journal_proof_and_debt_services
    self.assertEqual(result.returncode, 0, result.stderr)
AssertionError: 1 != 0 : Traceback (most recent call last):
  File "<string>", line 13, in <module>
  File "/workspace/scratch/e9f3b6772074/work/core_extract_startup/src/diffwitness/entry/__init__.py", line 274, in main
    from ..language import LANGUAGES, presentation, saved_language
  File "/workspace/scratch/e9f3b6772074/work/core_extract_startup/src/diffwitness/language.py", line 11, in <module>
    from .gitops import git_metadata_path, repo_root
  File "<frozen importlib._bootstrap>", line 1360, in _find_and_load
  File "<frozen importlib._bootstrap>", line 1322, in _find_and_load_unlocked
  File "<frozen importlib._bootstrap>", line 1262, in _find_spec
  File "<string>", line 10, in find_spec
RuntimeError: unrelated service initialized: diffwitness.gitops


======================================================================
FAIL: test_extraction_stays_independent_of_journal_proof_and_debt_services (test_structure_transport.StructureTransportTests.test_extraction_stays_independent_of_journal_proof_and_debt_services) (version=2, language='fr')
----------------------------------------------------------------------
Traceback (most recent call last):
  File "/workspace/scratch/e9f3b6772074/work/core_extract_gitfree/tests/test_structure_transport.py", line 71, in test_extraction_stays_independent_of_journal_proof_and_debt_services
    self.assertEqual(result.returncode, 0, result.stderr)
AssertionError: 1 != 0 : Traceback (most recent call last):
  File "<string>", line 13, in <module>
  File "/workspace/scratch/e9f3b6772074/work/core_extract_startup/src/diffwitness/entry/__init__.py", line 274, in main
    from ..language import LANGUAGES, presentation, saved_language
  File "/workspace/scratch/e9f3b6772074/work/core_extract_startup/src/diffwitness/language.py", line 11, in <module>
    from .gitops import git_metadata_path, repo_root
  File "<frozen importlib._bootstrap>", line 1360, in _find_and_load
  File "<frozen importlib._bootstrap>", line 1322, in _find_and_load_unlocked
  File "<frozen importlib._bootstrap>", line 1262, in _find_spec
  File "<string>", line 10, in find_spec
RuntimeError: unrelated service initialized: diffwitness.gitops


----------------------------------------------------------------------
Ran 7 tests in 2.001s

FAILED (failures=4)
